../Drivers/STM32F4xx_HAL_Driver/Src/stm32f4xx_hal_rcc_ex.c:87:19:HAL_StatusTypeDef HAL_RCCEx_PeriphCLKConfig(RCC_PeriphCLKInitTypeDef*)	56	static
../Drivers/STM32F4xx_HAL_Driver/Src/stm32f4xx_hal_rcc_ex.c:500:6:void HAL_RCCEx_GetPeriphCLKConfig(RCC_PeriphCLKInitTypeDef*)	24	static
../Drivers/STM32F4xx_HAL_Driver/Src/stm32f4xx_hal_rcc_ex.c:580:10:uint32_t HAL_RCCEx_GetPeriphCLKFreq(uint32_t)	40	static
../Drivers/STM32F4xx_HAL_Driver/Src/stm32f4xx_hal_rcc_ex.c:2809:6:void HAL_RCCEx_SelectLSEMode(uint8_t)	16	static
../Drivers/STM32F4xx_HAL_Driver/Src/stm32f4xx_hal_rcc_ex.c:2846:19:HAL_StatusTypeDef HAL_RCCEx_EnablePLLI2S(RCC_PLLI2SInitTypeDef*)	24	static
../Drivers/STM32F4xx_HAL_Driver/Src/stm32f4xx_hal_rcc_ex.c:2929:19:HAL_StatusTypeDef HAL_RCCEx_DisablePLLI2S()	16	static
../Drivers/STM32F4xx_HAL_Driver/Src/stm32f4xx_hal_rcc_ex.c:2959:19:HAL_StatusTypeDef HAL_RCCEx_EnablePLLSAI(RCC_PLLSAIInitTypeDef*)	24	static
../Drivers/STM32F4xx_HAL_Driver/Src/stm32f4xx_hal_rcc_ex.c:3033:19:HAL_StatusTypeDef HAL_RCCEx_DisablePLLSAI()	16	static
../Drivers/STM32F4xx_HAL_Driver/Src/stm32f4xx_hal_rcc_ex.c:3094:10:uint32_t HAL_RCC_GetSysClockFreq()	216	static
../Drivers/STM32F4xx_HAL_Driver/Src/stm32f4xx_hal_rcc_ex.c:3186:19:HAL_StatusTypeDef HAL_RCC_DeInit()	16	static
../Drivers/STM32F4xx_HAL_Driver/Src/stm32f4xx_hal_rcc_ex.c:3377:19:HAL_StatusTypeDef HAL_RCC_OscConfig(RCC_OscInitTypeDef*)	32	static
../Drivers/STM32F4xx_HAL_Driver/Src/stm32f4xx_hal_rcc_ex.c:3752:6:void HAL_RCC_GetOscConfig(RCC_OscInitTypeDef*)	16	static
