/opt/st/stm32cubeide_1.17.0/plugins/com.st.stm32cube.ide.mcu.externaltools.gnu-tools-for-stm32.12.3.rel1.linux64_1.1.0.202410170702/tools/arm-none-eabi/include/c++/12.3.1/arm-none-eabi/thumb/v7e-m+fp/hard/bits/gthr-default.h:229:1:int __gthread_key_delete(__gthread_key_t)	16	static
../Core/Src/stm32f4xx_it.c:69:6:void NMI_Handler()	4	static
../Core/Src/stm32f4xx_it.c:84:6:void HardFault_Handler()	4	static
../Core/Src/stm32f4xx_it.c:99:6:void MemManage_Handler()	4	static
../Core/Src/stm32f4xx_it.c:114:6:void BusFault_Handler()	4	static
../Core/Src/stm32f4xx_it.c:129:6:void UsageFault_Handler()	4	static
../Core/Src/stm32f4xx_it.c:144:6:void SVC_Handler()	4	static
../Core/Src/stm32f4xx_it.c:157:6:void DebugMon_Handler()	4	static
../Core/Src/stm32f4xx_it.c:170:6:void PendSV_Handler()	4	static
../Core/Src/stm32f4xx_it.c:183:6:void SysTick_Handler()	8	static
../Core/Src/stm32f4xx_it.c:204:6:void EXTI9_5_IRQHandler()	8	static
../Core/Src/stm32f4xx_it.c:218:6:void EXTI15_10_IRQHandler()	8	static
