Archive member included to satisfy reference by file (symbol)

/opt/st/stm32cubeide_1.17.0/plugins/com.st.stm32cube.ide.mcu.externaltools.gnu-tools-for-stm32.12.3.rel1.linux64_1.1.0.202410170702/tools/bin/../lib/gcc/arm-none-eabi/12.3.1/../../../../arm-none-eabi/lib/thumb/v7e-m+fp/hard/libstdc++_nano.a(functional.o)
                              ./Core/Src/SX128x.o (std::__throw_bad_function_call())
/opt/st/stm32cubeide_1.17.0/plugins/com.st.stm32cube.ide.mcu.externaltools.gnu-tools-for-stm32.12.3.rel1.linux64_1.1.0.202410170702/tools/bin/../lib/gcc/arm-none-eabi/12.3.1/../../../../arm-none-eabi/lib/thumb/v7e-m+fp/hard/libstdc++_nano.a(del_op.o)
                              /opt/st/stm32cubeide_1.17.0/plugins/com.st.stm32cube.ide.mcu.externaltools.gnu-tools-for-stm32.12.3.rel1.linux64_1.1.0.202410170702/tools/bin/../lib/gcc/arm-none-eabi/12.3.1/../../../../arm-none-eabi/lib/thumb/v7e-m+fp/hard/libstdc++_nano.a(functional.o) (operator delete(void*))
/opt/st/stm32cubeide_1.17.0/plugins/com.st.stm32cube.ide.mcu.externaltools.gnu-tools-for-stm32.12.3.rel1.linux64_1.1.0.202410170702/tools/bin/../lib/gcc/arm-none-eabi/12.3.1/../../../../arm-none-eabi/lib/thumb/v7e-m+fp/hard/libstdc++_nano.a(eh_exception.o)
                              /opt/st/stm32cubeide_1.17.0/plugins/com.st.stm32cube.ide.mcu.externaltools.gnu-tools-for-stm32.12.3.rel1.linux64_1.1.0.202410170702/tools/bin/../lib/gcc/arm-none-eabi/12.3.1/../../../../arm-none-eabi/lib/thumb/v7e-m+fp/hard/libstdc++_nano.a(functional.o) (std::exception::~exception())
/opt/st/stm32cubeide_1.17.0/plugins/com.st.stm32cube.ide.mcu.externaltools.gnu-tools-for-stm32.12.3.rel1.linux64_1.1.0.202410170702/tools/bin/../lib/gcc/arm-none-eabi/12.3.1/../../../../arm-none-eabi/lib/thumb/v7e-m+fp/hard/libstdc++_nano.a(si_class_type_info.o)
                              /opt/st/stm32cubeide_1.17.0/plugins/com.st.stm32cube.ide.mcu.externaltools.gnu-tools-for-stm32.12.3.rel1.linux64_1.1.0.202410170702/tools/bin/../lib/gcc/arm-none-eabi/12.3.1/../../../../arm-none-eabi/lib/thumb/v7e-m+fp/hard/libstdc++_nano.a(functional.o) (vtable for __cxxabiv1::__si_class_type_info)
/opt/st/stm32cubeide_1.17.0/plugins/com.st.stm32cube.ide.mcu.externaltools.gnu-tools-for-stm32.12.3.rel1.linux64_1.1.0.202410170702/tools/bin/../lib/gcc/arm-none-eabi/12.3.1/../../../../arm-none-eabi/lib/thumb/v7e-m+fp/hard/libstdc++_nano.a(tinfo.o)
                              /opt/st/stm32cubeide_1.17.0/plugins/com.st.stm32cube.ide.mcu.externaltools.gnu-tools-for-stm32.12.3.rel1.linux64_1.1.0.202410170702/tools/bin/../lib/gcc/arm-none-eabi/12.3.1/../../../../arm-none-eabi/lib/thumb/v7e-m+fp/hard/libstdc++_nano.a(si_class_type_info.o) (std::type_info::__is_pointer_p() const)
/opt/st/stm32cubeide_1.17.0/plugins/com.st.stm32cube.ide.mcu.externaltools.gnu-tools-for-stm32.12.3.rel1.linux64_1.1.0.202410170702/tools/bin/../lib/gcc/arm-none-eabi/12.3.1/../../../../arm-none-eabi/lib/thumb/v7e-m+fp/hard/libstdc++_nano.a(class_type_info.o)
                              /opt/st/stm32cubeide_1.17.0/plugins/com.st.stm32cube.ide.mcu.externaltools.gnu-tools-for-stm32.12.3.rel1.linux64_1.1.0.202410170702/tools/bin/../lib/gcc/arm-none-eabi/12.3.1/../../../../arm-none-eabi/lib/thumb/v7e-m+fp/hard/libstdc++_nano.a(si_class_type_info.o) (__cxxabiv1::__class_type_info::__do_upcast(__cxxabiv1::__class_type_info const*, void**) const)
/opt/st/stm32cubeide_1.17.0/plugins/com.st.stm32cube.ide.mcu.externaltools.gnu-tools-for-stm32.12.3.rel1.linux64_1.1.0.202410170702/tools/bin/../lib/gcc/arm-none-eabi/12.3.1/../../../../arm-none-eabi/lib/thumb/v7e-m+fp/hard/libstdc++_nano.a(del_ops.o)
                              /opt/st/stm32cubeide_1.17.0/plugins/com.st.stm32cube.ide.mcu.externaltools.gnu-tools-for-stm32.12.3.rel1.linux64_1.1.0.202410170702/tools/bin/../lib/gcc/arm-none-eabi/12.3.1/../../../../arm-none-eabi/lib/thumb/v7e-m+fp/hard/libstdc++_nano.a(eh_exception.o) (operator delete(void*, unsigned int))
/opt/st/stm32cubeide_1.17.0/plugins/com.st.stm32cube.ide.mcu.externaltools.gnu-tools-for-stm32.12.3.rel1.linux64_1.1.0.202410170702/tools/bin/../lib/gcc/arm-none-eabi/12.3.1/../../../../arm-none-eabi/lib/thumb/v7e-m+fp/hard/libc_nano.a(libc_a-abort.o)
                              /opt/st/stm32cubeide_1.17.0/plugins/com.st.stm32cube.ide.mcu.externaltools.gnu-tools-for-stm32.12.3.rel1.linux64_1.1.0.202410170702/tools/bin/../lib/gcc/arm-none-eabi/12.3.1/../../../../arm-none-eabi/lib/thumb/v7e-m+fp/hard/libstdc++_nano.a(functional.o) (abort)
/opt/st/stm32cubeide_1.17.0/plugins/com.st.stm32cube.ide.mcu.externaltools.gnu-tools-for-stm32.12.3.rel1.linux64_1.1.0.202410170702/tools/bin/../lib/gcc/arm-none-eabi/12.3.1/../../../../arm-none-eabi/lib/thumb/v7e-m+fp/hard/libc_nano.a(libc_a-exit.o)
[...]
Memory Configuration

Name             Origin             Length             Attributes
RAM              0x20000000         0x00020000         xrw
FLASH            0x08000000         0x00080000         xr
*default*        0x00000000         0xffffffff

Linker script and memory map

LOAD /opt/st/stm32cubeide_1.17.0/plugins/com.st.stm32cube.ide.mcu.externaltools.gnu-tools-for-stm32.12.3.rel1.linux64_1.1.0.202410170702/tools/bin/../lib/gcc/arm-none-eabi/12.3.1/thumb/v7e-m+fp/hard/crti.o
LOAD /opt/st/stm32cubeide_1.17.0/plugins/com.st.stm32cube.ide.mcu.externaltools.gnu-tools-for-stm32.12.3.rel1.linux64_1.1.0.202410170702/tools/bin/../lib/gcc/arm-none-eabi/12.3.1/thumb/v7e-m+fp/hard/crtbegin.o
LOAD /opt/st/stm32cubeide_1.17.0/plugins/com.st.stm32cube.ide.mcu.externaltools.gnu-tools-for-stm32.12.3.rel1.linux64_1.1.0.202410170702/tools/bin/../lib/gcc/arm-none-eabi/12.3.1/../../../../arm-none-eabi/lib/thumb/v7e-m+fp/hard/crt0.o
LOAD ./Core/Src/Degree5.o
LOAD ./Core/Src/Degree90.o
LOAD ./Core/Src/SX128x.o
LOAD ./Core/Src/main.o
LOAD ./Core/Src/stm32f4xx_hal_msp.o
LOAD ./Core/Src/stm32f4xx_it.o
LOAD ./Core/Src/syscalls.o
LOAD ./Core/Src/sysmem.o
LOAD ./Core/Src/system_stm32f4xx.o
LOAD ./Core/Startup/startup_stm32f446retx.o
LOAD ./Drivers/STM32F4xx_HAL_Driver/Src/stm32f4xx_hal.o
LOAD ./Drivers/STM32F4xx_HAL_Driver/Src/stm32f4xx_hal_adc.o
LOAD ./Drivers/STM32F4xx_HAL_Driver/Src/stm32f4xx_hal_adc_ex.o
LOAD ./Drivers/STM32F4xx_HAL_Driver/Src/stm32f4xx_hal_cortex.o
LOAD ./Drivers/STM32F4xx_HAL_Driver/Src/stm32f4xx_hal_dma.o
LOAD ./Drivers/STM32F4xx_HAL_Driver/Src/stm32f4xx_hal_dma_ex.o
LOAD ./Drivers/STM32F4xx_HAL_Driver/Src/stm32f4xx_hal_exti.o
LOAD ./Drivers/STM32F4xx_HAL_Driver/Src/stm32f4xx_hal_flash.o
LOAD ./Drivers/STM32F4xx_HAL_Driver/Src/stm32f4xx_hal_flash_ex.o
LOAD ./Drivers/STM32F4xx_HAL_Driver/Src/stm32f4xx_hal_flash_ramfunc.o
LOAD ./Drivers/STM32F4xx_HAL_Driver/Src/stm32f4xx_hal_gpio.o
LOAD ./Drivers/STM32F4xx_HAL_Driver/Src/stm32f4xx_hal_pwr.o
LOAD ./Drivers/STM32F4xx_HAL_Driver/Src/stm32f4xx_hal_pwr_ex.o
LOAD ./Drivers/STM32F4xx_HAL_Driver/Src/stm32f4xx_hal_rcc.o
LOAD ./Drivers/STM32F4xx_HAL_Driver/Src/stm32f4xx_hal_rcc_ex.o
LOAD ./Drivers/STM32F4xx_HAL_Driver/Src/stm32f4xx_hal_spi.o
LOAD ./Drivers/STM32F4xx_HAL_Driver/Src/stm32f4xx_hal_tim.o
LOAD ./Drivers/STM32F4xx_HAL_Driver/Src/stm32f4xx_hal_tim_ex.o
LOAD ./Drivers/STM32F4xx_HAL_Driver/Src/stm32f4xx_hal_uart.o
LOAD ./Drivers/STM32F4xx_HAL_Driver/Src/stm32f4xx_ll_adc.o
START GROUP
LOAD /opt/st/stm32cubeide_1.17.0/plugins/com.st.stm32cube.ide.mcu.externaltools.gnu-tools-for-stm32.12.3.rel1.linux64_1.1.0.202410170702/tools/bin/../lib/gcc/arm-none-eabi/12.3.1/../../../../arm-none-eabi/lib/thumb/v7e-m+fp/hard/libstdc++_nano.a
LOAD /opt/st/stm32cubeide_1.17.0/plugins/com.st.stm32cube.ide.mcu.externaltools.gnu-tools-for-stm32.12.3.rel1.linux64_1.1.0.202410170702/tools/bin/../lib/gcc/arm-none-eabi/12.3.1/../../../../arm-none-eabi/lib/thumb/v7e-m+fp/hard/libsupc++_nano.a
END GROUP
LOAD /opt/st/stm32cubeide_1.17.0/plugins/com.st.stm32cube.ide.mcu.externaltools.gnu-tools-for-stm32.12.3.rel1.linux64_1.1.0.202410170702/tools/bin/../lib/gcc/arm-none-eabi/12.3.1/../../../../arm-none-eabi/lib/thumb/v7e-m+fp/hard/libstdc++_nano.a
LOAD /opt/st/stm32cubeide_1.17.0/plugins/com.st.stm32cube.ide.mcu.externaltools.gnu-tools-for-stm32.12.3.rel1.linux64_1.1.0.202410170702/tools/bin/../lib/gcc/arm-none-eabi/12.3.1/../../../../arm-none-eabi/lib/thumb/v7e-m+fp/hard/libm.a
LOAD /opt/st/stm32cubeide_1.17.0/plugins/com.st.stm32cube.ide.mcu.externaltools.gnu-tools-for-stm32.12.3.rel1.linux64_1.1.0.202410170702/tools/bin/../lib/gcc/arm-none-eabi/12.3.1/../../../../arm-none-eabi/lib/thumb/v7e-m+fp/hard/libc_nano.a
START GROUP
LOAD /opt/st/stm32cubeide_1.17.0/plugins/com.st.stm32cube.ide.mcu.externaltools.gnu-tools-for-stm32.12.3.rel1.linux64_1.1.0.202410170702/tools/bin/../lib/gcc/arm-none-eabi/12.3.1/thumb/v7e-m+fp/hard/libgcc.a
LOAD /opt/st/stm32cubeide_1.17.0/plugins/com.st.stm32cube.ide.mcu.externaltools.gnu-tools-for-stm32.12.3.rel1.linux64_1.1.0.202410170702/tools/bin/../lib/gcc/arm-none-eabi/12.3.1/../../../../arm-none-eabi/lib/thumb/v7e-m+fp/hard/libc_nano.a
END GROUP
START GROUP
LOAD /opt/st/stm32cubeide_1.17.0/plugins/com.st.stm32cube.ide.mcu.externaltools.gnu-tools-for-stm32.12.3.rel1.linux64_1.1.0.202410170702/tools/bin/../lib/gcc/arm-none-eabi/12.3.1/thumb/v7e-m+fp/hard/libgcc.a
LOAD /opt/st/stm32cubeide_1.17.0/plugins/com.st.stm32cube.ide.mcu.externaltools.gnu-tools-for-stm32.12.3.rel1.linux64_1.1.0.202410170702/tools/bin/../lib/gcc/arm-none-eabi/12.3.1/../../../../arm-none-eabi/lib/thumb/v7e-m+fp/hard/libc_nano.a
LOAD /opt/st/stm32cubeide_1.17.0/plugins/com.st.stm32cube.ide.mcu.externaltools.gnu-tools-for-stm32.12.3.rel1.linux64_1.1.0.202410170702/tools/bin/../lib/gcc/arm-none-eabi/12.3.1/../../../../arm-none-eabi/lib/thumb/v7e-m+fp/hard/libnosys.a
END GROUP
START GROUP
LOAD /opt/st/stm32cubeide_1.17.0/plugins/com.st.stm32cube.ide.mcu.externaltools.gnu-tools-for-stm32.12.3.rel1.linux64_1.1.0.202410170702/tools/bin/../lib/gcc/arm-none-eabi/12.3.1/thumb/v7e-m+fp/hard/libgcc.a
LOAD /opt/st/stm32cubeide_1.17.0/plugins/com.st.stm32cube.ide.mcu.externaltools.gnu-tools-for-stm32.12.3.rel1.linux64_1.1.0.202410170702/tools/bin/../lib/gcc/arm-none-eabi/12.3.1/../../../../arm-none-eabi/lib/thumb/v7e-m+fp/hard/libc_nano.a
LOAD /opt/st/stm32cubeide_1.17.0/plugins/com.st.stm32cube.ide.mcu.externaltools.gnu-tools-for-stm32.12.3.rel1.linux64_1.1.0.202410170702/tools/bin/../lib/gcc/arm-none-eabi/12.3.1/../../../../arm-none-eabi/lib/thumb/v7e-m+fp/hard/libnosys.a
END GROUP
LOAD /opt/st/stm32cubeide_1.17.0/plugins/com.st.stm32cube.ide.mcu.externaltools.gnu-tools-for-stm32.12.3.rel1.linux64_1.1.0.202410170702/tools/bin/../lib/gcc/arm-none-eabi/12.3.1/thumb/v7e-m+fp/hard/crtend.o
LOAD /opt/st/stm32cubeide_1.17.0/plugins/com.st.stm32cube.ide.mcu.externaltools.gnu-tools-for-stm32.12.3.rel1.linux64_1.1.0.202410170702/tools/bin/../lib/gcc/arm-none-eabi/12.3.1/thumb/v7e-m+fp/hard/crtn.o
                0x20020000                        _estack = (ORIGIN (RAM) + LENGTH (RAM))
                0x00000200                        _Min_Heap_Size = 0x200
                0x00000400                        _Min_Stack_Size = 0x400

.isr_vector     0x08000000      0x1c4
                0x08000000                        . = ALIGN (0x4)
 *(.isr_vector)
 .isr_vector    0x08000000      0x1c4 ./Core/Startup/startup_stm32f446retx.o
                0x08000000                g_pfnVectors
                0x080001c4                        . = ALIGN (0x4)

.text           0x080001d0     0x9e7c
                0x080001d0                        . = ALIGN (0x4)
 *(.text)
 .text          0x080001d0       0x40 /opt/st/stm32cubeide_1.17.0/plugins/com.st.stm32cube.ide.mcu.externaltools.gnu-tools-for-stm32.12.3.rel1.linux64_1.1.0.202410170702/tools/bin/../lib/gcc/arm-none-eabi/12.3.1/thumb/v7e-m+fp/hard/crtbegin.o
 .text          0x08000210       0xa0 /opt/st/stm32cubeide_1.17.0/plugins/com.st.stm32cube.ide.mcu.externaltools.gnu-tools-for-stm32.12.3.rel1.linux64_1.1.0.202410170702/tools/bin/../lib/gcc/arm-none-eabi/12.3.1/../../../../arm-none-eabi/lib/thumb/v7e-m+fp/hard/libc_nano.a(libc_a-memchr.o)
                0x08000210                memchr
 .text          0x080002b0       0x10 /opt/st/stm32cubeide_1.17.0/plugins/com.st.stm32cube.ide.mcu.externaltools.gnu-tools-for-stm32.12.3.rel1.linux64_1.1.0.202410170702/tools/bin/../lib/gcc/arm-none-eabi/12.3.1/../../../../arm-none-eabi/lib/thumb/v7e-m+fp/hard/libc_nano.a(libc_a-strlen.o)
                0x080002b0                strlen
 .text          0x080002c0      0x378 /opt/st/stm32cubeide_1.17.0/plugins/com.st.stm32cube.ide.mcu.externaltools.gnu-tools-for-stm32.12.3.rel1.linux64_1.1.0.202410170702/tools/bin/../lib/gcc/arm-none-eabi/12.3.1/thumb/v7e-m+fp/hard/libgcc.a(_arm_addsubdf3.o)
                0x080002c0                __aeabi_drsub
                0x080002c8                __aeabi_dsub
                0x080002c8                __subdf3
                0x080002cc                __adddf3
                0x080002cc                __aeabi_dadd
                0x08000544                __aeabi_ui2d
                0x08000544                __floatunsidf
                0x08000564                __floatsidf
                0x08000564                __aeabi_i2d
                0x08000588                __extendsfdf2
                0x08000588                __aeabi_f2d
                0x080005cc                __aeabi_ul2d
                0x080005cc                __floatundidf
                0x080005dc                __floatdidf
                0x080005dc                __aeabi_l2d
 .text          0x08000638      0x424 /opt/st/stm32cubeide_1.17.0/plugins/com.st.stm32cube.ide.mcu.externaltools.gnu-tools-for-stm32.12.3.rel1.linux64_1.1.0.202410170702/tools/bin/../lib/gcc/arm-none-eabi/12.3.1/thumb/v7e-m+fp/hard/libgcc.a(_arm_muldivdf3.o)
                0x08000638                __aeabi_dmul
                0x08000638                __muldf3
                0x0800088c                __aeabi_ddiv
                0x0800088c                __divdf3
 .text          0x08000a5c      0x110 /opt/st/stm32cubeide_1.17.0/plugins/com.st.stm32cube.ide.mcu.externaltools.gnu-tools-for-stm32.12.3.rel1.linux64_1.1.0.202410170702/tools/bin/../lib/gcc/arm-none-eabi/12.3.1/thumb/v7e-m+fp/hard/libgcc.a(_arm_cmpdf2.o)
                0x08000a5c                __gtdf2
                0x08000a5c                __gedf2
                0x08000a64                __ltdf2
                0x08000a64                __ledf2
                0x08000a6c                __cmpdf2
                0x08000a6c                __eqdf2
                0x08000a6c                __nedf2
                0x08000ae8                __aeabi_cdrcmple
                0x08000af8                __aeabi_cdcmple
                0x08000af8                __aeabi_cdcmpeq
                0x08000b08                __aeabi_dcmpeq
                0x08000b1c                __aeabi_dcmplt
                0x08000b30                __aeabi_dcmple
                0x08000b44                __aeabi_dcmpge
                0x08000b58                __aeabi_dcmpgt
 .text          0x08000b6c       0x2c /opt/st/stm32cubeide_1.17.0/plugins/com.st.stm32cube.ide.mcu.externaltools.gnu-tools-for-stm32.12.3.rel1.linux64_1.1.0.202410170702/tools/bin/../lib/gcc/arm-none-eabi/12.3.1/thumb/v7e-m+fp/hard/libgcc.a(_arm_unorddf2.o)
                0x08000b6c                __aeabi_dcmpun
                0x08000b6c                __unorddf2
 .text          0x08000b98       0x50 /opt/st/stm32cubeide_1.17.0/plugins/com.st.stm32cube.ide.mcu.externaltools.gnu-tools-for-stm32.12.3.rel1.linux64_1.1.0.202410170702/tools/bin/../lib/gcc/arm-none-eabi/12.3.1/thumb/v7e-m+fp/hard/libgcc.a(_arm_fixdfsi.o)
                0x08000b98                __fixdfsi
                0x08000b98                __aeabi_d2iz
 .text          0x08000be8       0x30 /opt/st/stm32cubeide_1.17.0/plugins/com.st.stm32cube.ide.mcu.externaltools.gnu-tools-for-stm32.12.3.rel1.linux64_1.1.0.202410170702/tools/bin/../lib/gcc/arm-none-eabi/12.3.1/thumb/v7e-m+fp/hard/libgcc.a(_aeabi_uldivmod.o)
                0x08000be8                __aeabi_uldivmod
 .text          0x08000c18      0x2bc /opt/st/stm32cubeide_1.17.0/plugins/com.st.stm32cube.ide.mcu.externaltools.gnu-tools-for-stm32.12.3.rel1.linux64_1.1.0.202410170702/tools/bin/../lib/gcc/arm-none-eabi/12.3.1/thumb/v7e-m+fp/hard/libgcc.a(_udivmoddi4.o)
                0x08000c18                __udivmoddi4
 .text          0x08000ed4      0x9f4 /opt/st/stm32cubeide_1.17.0/plugins/com.st.stm32cube.ide.mcu.externaltools.gnu-tools-for-stm32.12.3.rel1.linux64_1.1.0.202410170702/tools/bin/../lib/gcc/arm-none-eabi/12.3.1/thumb/v7e-m+fp/hard/libgcc.a(unwind-arm.o)
                0x08001184                _Unwind_GetCFA
                0x08001188                __gnu_Unwind_RaiseException
                0x080011f0                __gnu_Unwind_ForcedUnwind
                0x08001200                __gnu_Unwind_Resume
                0x08001244                __gnu_Unwind_Resume_or_Rethrow
                0x08001254                _Unwind_Complete
                0x08001258                _Unwind_DeleteException
                0x08001264                _Unwind_VRS_Get
                0x080012b0                _Unwind_VRS_Set
                0x080012f8                __gnu_Unwind_Backtrace
                0x08001614                __aeabi_unwind_cpp_pr0
                0x08001618                __aeabi_unwind_cpp_pr1
                0x0800161c                __aeabi_unwind_cpp_pr2
                0x08001620                _Unwind_VRS_Pop
 .text          0x080018c8      0x1ac /opt/st/stm32cubeide_1.17.0/plugins/com.st.stm32cube.ide.mcu.externaltools.gnu-tools-for-stm32.12.3.rel1.linux64_1.1.0.202410170702/tools/bin/../lib/gcc/arm-none-eabi/12.3.1/thumb/v7e-m+fp/hard/libgcc.a(libunwind.o)
                0x080018c8                __restore_core_regs
                0x080018c8                restore_core_regs
                0x080018e0                __gnu_Unwind_Restore_VFP
                0x080018e8                __gnu_Unwind_Save_VFP
                0x080018f0                __gnu_Unwind_Restore_VFP_D
                0x080018f8                __gnu_Unwind_Save_VFP_D
                0x08001900                __gnu_Unwind_Restore_VFP_D_16_to_31
                0x08001908                __gnu_Unwind_Save_VFP_D_16_to_31
                0x08001910                __gnu_Unwind_Restore_WMMXD
                0x08001954                __gnu_Unwind_Save_WMMXD
                0x08001998                __gnu_Unwind_Restore_WMMXC
                0x080019ac                __gnu_Unwind_Save_WMMXC
                0x080019c0                ___Unwind_RaiseException
                0x080019c0                _Unwind_RaiseException
                0x080019e4                ___Unwind_Resume
                0x080019e4                _Unwind_Resume
                0x08001a08                _Unwind_Resume_or_Rethrow
                0x08001a08                ___Unwind_Resume_or_Rethrow
                0x08001a2c                ___Unwind_ForcedUnwind
                0x08001a2c                _Unwind_ForcedUnwind
                0x08001a50                _Unwind_Backtrace
                0x08001a50                ___Unwind_Backtrace
 .text          0x08001a74      0x378 /opt/st/stm32cubeide_1.17.0/plugins/com.st.stm32cube.ide.mcu.externaltools.gnu-tools-for-stm32.12.3.rel1.linux64_1.1.0.202410170702/tools/bin/../lib/gcc/arm-none-eabi/12.3.1/thumb/v7e-m+fp/hard/libgcc.a(pr-support.o)
                0x08001acc                __gnu_unwind_execute
                0x08001da0                __gnu_unwind_frame
                0x08001dcc                _Unwind_GetRegionStart
                0x08001dd8                _Unwind_GetLanguageSpecificData
 .text          0x08001dec        0x4 /opt/st/stm32cubeide_1.17.0/plugins/com.st.stm32cube.ide.mcu.externaltools.gnu-tools-for-stm32.12.3.rel1.linux64_1.1.0.202410170702/tools/bin/../lib/gcc/arm-none-eabi/12.3.1/thumb/v7e-m+fp/hard/libgcc.a(_dvmd_tls.o)
                0x08001dec                __aeabi_ldiv0
                0x08001dec                __aeabi_idiv0
 *(.text*)
 .text._Z12Degree5_InitP7Degree5P17ADC_HandleTypeDefP17TIM_HandleTypeDefP20__UART_HandleTypeDef
                0x08001df0       0x34 ./Core/Src/Degree5.o
                0x08001df0                Degree5_Init(Degree5*, ADC_HandleTypeDef*, TIM_HandleTypeDef*, __UART_HandleTypeDef*)
 .text._Z21Degree5_SetServoAngleP7Degree5h
                0x08001e24       0xec ./Core/Src/Degree5.o
                0x08001e24                Degree5_SetServoAngle(Degree5*, unsigned char)
 .text._Z9ResetChipP12GPIO_TypeDeft
                0x08001f10       0x4a ./Core/Src/main.o
                0x08001f10                ResetChip(GPIO_TypeDef*, unsigned short)
 .text._Z10SelectChipP12GPIO_TypeDeft13GPIO_PinState
                0x08001f5a       0x2a ./Core/Src/main.o
                0x08001f5a                SelectChip(GPIO_TypeDef*, unsigned short, GPIO_PinState)
 .text._Z28SPI_TransmitReceiveWithDebugP19__SPI_HandleTypeDefPhS1_tPKc
                0x08001f84       0x48 ./Core/Src/main.o
                0x08001f84                SPI_TransmitReceiveWithDebug(__SPI_HandleTypeDef*, unsigned char*, unsigned char*, unsigned short, char const*)
 .text._Z17ProcessStatusBytePh
                0x08001fcc      0x190 ./Core/Src/main.o
                0x08001fcc                ProcessStatusByte(unsigned char*)
 .text._Z18SPI_WaitUntilReadyP19__SPI_HandleTypeDef
                0x0800215c       0xa8 ./Core/Src/main.o
                0x0800215c                SPI_WaitUntilReady(__SPI_HandleTypeDef*)
 .text._Z16SPI_WaitTransmitP19__SPI_HandleTypeDef
                0x08002204       0xc8 ./Core/Src/main.o
                0x08002204                SPI_WaitTransmit(__SPI_HandleTypeDef*)
 .text._Z9GetStatusv
                0x080022cc       0x34 ./Core/Src/main.o
                0x080022cc                GetStatus()
 .text._Z10SetStandbyv
                0x08002300       0x28 ./Core/Src/main.o
                0x08002300                SetStandby()
 .text._Z11setLoRaModev
                0x08002328       0x44 ./Core/Src/main.o
                0x08002328                setLoRaMode()
 .text._Z13getPacketTypeP19__SPI_HandleTypeDef
                0x0800236c      0x114 ./Core/Src/main.o
                0x0800236c                getPacketType(__SPI_HandleTypeDef*)
 .text._Z12setFrequencyv
                0x08002480       0x38 ./Core/Src/main.o
                0x08002480                setFrequency()
 .text._Z20setBufferBaseAddressv
                0x080024b8       0x50 ./Core/Src/main.o
                0x080024b8                setBufferBaseAddress()
 .text._Z19setModulationParamsv
                0x08002508       0x38 ./Core/Src/main.o
                0x08002508                setModulationParams()
 .text._Z15setPacketParamsv
                0x08002540       0x48 ./Core/Src/main.o
                0x08002540                setPacketParams()
 .text._Z15setDioIrqParamsv
                0x08002588       0x4c ./Core/Src/main.o
                0x08002588                setDioIrqParams()
 .text._Z11setRxPeriodv
                0x080025d4       0x38 ./Core/Src/main.o
                0x080025d4                setRxPeriod()
 .text._Z7DerTaktv
                0x0800260c       0x48 ./Core/Src/main.o
                0x0800260c                DerTakt()
 .text._Z15GetPacketStatusP19__SPI_HandleTypeDefP20__UART_HandleTypeDef
                0x08002654       0x90 ./Core/Src/main.o
                0x08002654                GetPacketStatus(__SPI_HandleTypeDef*, __UART_HandleTypeDef*)
 .text._Z17GetRxBufferStatusP19__SPI_HandleTypeDefP20__UART_HandleTypeDefPhS3_
                0x080026e4       0x80 ./Core/Src/main.o
                0x080026e4                GetRxBufferStatus(__SPI_HandleTypeDef*, __UART_HandleTypeDef*, unsigned char*, unsigned char*)
 .text._Z16ReadReceivedDataP19__SPI_HandleTypeDefP20__UART_HandleTypeDefhh
                0x08002764      0x1ac ./Core/Src/main.o
                0x08002764                ReadReceivedData(__SPI_HandleTypeDef*, __UART_HandleTypeDef*, unsigned char, unsigned char)
 .text._Z14RX_BitRateTestP19__SPI_HandleTypeDefP20__UART_HandleTypeDef
                0x08002910      0x118 ./Core/Src/main.o
                0x08002910                RX_BitRateTest(__SPI_HandleTypeDef*, __UART_HandleTypeDef*)
 .text.main     0x08002a28      0x154 ./Core/Src/main.o
                0x08002a28                main
 .text._Z18SystemClock_Configv
                0x08002b7c       0xf0 ./Core/Src/main.o
                0x08002b7c                SystemClock_Config()
 .text._ZL12MX_ADC1_Initv
                0x08002c6c       0xb8 ./Core/Src/main.o
 .text._ZL12MX_SPI1_Initv
                0x08002d24       0x78 ./Core/Src/main.o
 .text._ZL12MX_TIM1_Initv
                0x08002d9c       0xc0 ./Core/Src/main.o
 .text._ZL12MX_TIM2_Initv
                0x08002e5c      0x11c ./Core/Src/main.o
 .text._ZL19MX_USART2_UART_Initv
                0x08002f78       0x5c ./Core/Src/main.o
 .text._ZL12MX_GPIO_Initv
                0x08002fd4      0x178 ./Core/Src/main.o
 .text.Error_Handler
                0x0800314c        0xc ./Core/Src/main.o
                0x0800314c                Error_Handler
 .text.HAL_MspInit
                0x08003158       0x50 ./Core/Src/stm32f4xx_hal_msp.o
                0x08003158                HAL_MspInit
 .text.HAL_ADC_MspInit
                0x080031a8       0x88 ./Core/Src/stm32f4xx_hal_msp.o
                0x080031a8                HAL_ADC_MspInit
 .text.HAL_SPI_MspInit
                0x08003230       0x90 ./Core/Src/stm32f4xx_hal_msp.o
                0x08003230                HAL_SPI_MspInit
 .text.HAL_TIM_Base_MspInit
                0x080032c0       0x6c ./Core/Src/stm32f4xx_hal_msp.o
                0x080032c0                HAL_TIM_Base_MspInit
 .text.HAL_TIM_MspPostInit
                0x0800332c       0x70 ./Core/Src/stm32f4xx_hal_msp.o
                0x0800332c                HAL_TIM_MspPostInit
 .text.HAL_UART_MspInit
                0x0800339c       0x90 ./Core/Src/stm32f4xx_hal_msp.o
                0x0800339c                HAL_UART_MspInit
 .text.NMI_Handler
                0x0800342c        0x8 ./Core/Src/stm32f4xx_it.o
                0x0800342c                NMI_Handler
 .text.HardFault_Handler
                0x08003434        0x8 ./Core/Src/stm32f4xx_it.o
                0x08003434                HardFault_Handler
 .text.MemManage_Handler
                0x0800343c        0x8 ./Core/Src/stm32f4xx_it.o
                0x0800343c                MemManage_Handler
 .text.BusFault_Handler
                0x08003444        0x8 ./Core/Src/stm32f4xx_it.o
                0x08003444                BusFault_Handler
 .text.UsageFault_Handler
                0x0800344c        0x8 ./Core/Src/stm32f4xx_it.o
                0x0800344c                UsageFault_Handler
 .text.SVC_Handler
                0x08003454        0xe ./Core/Src/stm32f4xx_it.o
                0x08003454                SVC_Handler
 .text.DebugMon_Handler
                0x08003462        0xe ./Core/Src/stm32f4xx_it.o
                0x08003462                DebugMon_Handler
 .text.PendSV_Handler
                0x08003470        0xe ./Core/Src/stm32f4xx_it.o
                0x08003470                PendSV_Handler
 .text.SysTick_Handler
                0x0800347e        0xc ./Core/Src/stm32f4xx_it.o
                0x0800347e                SysTick_Handler
 .text.EXTI9_5_IRQHandler
                0x0800348a       0x10 ./Core/Src/stm32f4xx_it.o
                0x0800348a                EXTI9_5_IRQHandler
 .text.EXTI15_10_IRQHandler
                0x0800349a       0x10 ./Core/Src/stm32f4xx_it.o
                0x0800349a                EXTI15_10_IRQHandler
 *fill*         0x080034aa        0x2 
 .text.SystemInit
                0x080034ac       0x24 ./Core/Src/system_stm32f4xx.o
                0x080034ac                SystemInit
 .text.Reset_Handler
                0x080034d0       0x50 ./Core/Startup/startup_stm32f446retx.o
                0x080034d0                Reset_Handler
 .text.Default_Handler
                0x08003520        0x2 ./Core/Startup/startup_stm32f446retx.o
                0x08003520                RTC_Alarm_IRQHandler
                0x08003520                EXTI2_IRQHandler
                0x08003520                TIM8_CC_IRQHandler
                0x08003520                FMPI2C1_EV_IRQHandler
                0x08003520                SPI4_IRQHandler
                0x08003520                TIM1_CC_IRQHandler
                0x08003520                DMA2_Stream5_IRQHandler
                0x08003520                DMA1_Stream5_IRQHandler
                0x08003520                PVD_IRQHandler
                0x08003520                SDIO_IRQHandler
                0x08003520                TAMP_STAMP_IRQHandler
                0x08003520                CAN2_RX1_IRQHandler
                0x08003520                EXTI3_IRQHandler
                0x08003520                TIM8_TRG_COM_TIM14_IRQHandler
                0x08003520                TIM1_UP_TIM10_IRQHandler
                0x08003520                TIM8_UP_TIM13_IRQHandler
                0x08003520                I2C3_ER_IRQHandler
                0x08003520                EXTI0_IRQHandler
                0x08003520                I2C2_EV_IRQHandler
                0x08003520                DMA1_Stream2_IRQHandler
                0x08003520                CAN1_RX0_IRQHandler
                0x08003520                FPU_IRQHandler
                0x08003520                OTG_HS_WKUP_IRQHandler
                0x08003520                CAN2_SCE_IRQHandler
                0x08003520                DMA2_Stream2_IRQHandler
                0x08003520                SPI1_IRQHandler
                0x08003520                TIM6_DAC_IRQHandler
                0x08003520                TIM1_BRK_TIM9_IRQHandler
                0x08003520                DCMI_IRQHandler
                0x08003520                CAN2_RX0_IRQHandler
                0x08003520                DMA2_Stream3_IRQHandler
                0x08003520                SAI2_IRQHandler
                0x08003520                USART6_IRQHandler
                0x08003520                USART3_IRQHandler
                0x08003520                CAN1_RX1_IRQHandler
                0x08003520                UART5_IRQHandler
                0x08003520                DMA2_Stream0_IRQHandler
                0x08003520                TIM4_IRQHandler
                0x08003520                QUADSPI_IRQHandler
                0x08003520                I2C1_EV_IRQHandler
                0x08003520                DMA1_Stream6_IRQHandler
                0x08003520                DMA1_Stream1_IRQHandler
                0x08003520                UART4_IRQHandler
                0x08003520                TIM3_IRQHandler
                0x08003520                RCC_IRQHandler
                0x08003520                TIM8_BRK_TIM12_IRQHandler
                0x08003520                Default_Handler
                0x08003520                CEC_IRQHandler
                0x08003520                ADC_IRQHandler
                0x08003520                DMA1_Stream7_IRQHandler
                0x08003520                TIM7_IRQHandler
                0x08003520                CAN2_TX_IRQHandler
                0x08003520                TIM5_IRQHandler
                0x08003520                DMA2_Stream7_IRQHandler
                0x08003520                I2C3_EV_IRQHandler
                0x08003520                RTC_WKUP_IRQHandler
                0x08003520                SPDIF_RX_IRQHandler
                0x08003520                SPI2_IRQHandler
                0x08003520                OTG_HS_EP1_IN_IRQHandler
                0x08003520                DMA1_Stream0_IRQHandler
                0x08003520                CAN1_TX_IRQHandler
                0x08003520                FMPI2C1_ER_IRQHandler
                0x08003520                EXTI4_IRQHandler
                0x08003520                OTG_HS_EP1_OUT_IRQHandler
                0x08003520                WWDG_IRQHandler
                0x08003520                TIM2_IRQHandler
                0x08003520                OTG_FS_WKUP_IRQHandler
                0x08003520                TIM1_TRG_COM_TIM11_IRQHandler
                0x08003520                OTG_HS_IRQHandler
                0x08003520                EXTI1_IRQHandler
                0x08003520                USART2_IRQHandler
                0x08003520                I2C2_ER_IRQHandler
                0x08003520                DMA2_Stream1_IRQHandler
                0x08003520                CAN1_SCE_IRQHandler
                0x08003520                FLASH_IRQHandler
                0x08003520                DMA2_Stream4_IRQHandler
                0x08003520                USART1_IRQHandler
                0x08003520                OTG_FS_IRQHandler
                0x08003520                SPI3_IRQHandler
                0x08003520                DMA1_Stream4_IRQHandler
                0x08003520                I2C1_ER_IRQHandler
                0x08003520                FMC_IRQHandler
                0x08003520                DMA2_Stream6_IRQHandler
                0x08003520                SAI1_IRQHandler
                0x08003520                DMA1_Stream3_IRQHandler
 *fill*         0x08003522        0x2 
 .text.HAL_Init
                0x08003524       0x44 ./Drivers/STM32F4xx_HAL_Driver/Src/stm32f4xx_hal.o
                0x08003524                HAL_Init
 .text.HAL_InitTick
                0x08003568       0x6c ./Drivers/STM32F4xx_HAL_Driver/Src/stm32f4xx_hal.o
                0x08003568                HAL_InitTick
 .text.HAL_IncTick
                0x080035d4       0x28 ./Drivers/STM32F4xx_HAL_Driver/Src/stm32f4xx_hal.o
                0x080035d4                HAL_IncTick
 .text.HAL_GetTick
                0x080035fc       0x18 ./Drivers/STM32F4xx_HAL_Driver/Src/stm32f4xx_hal.o
                0x080035fc                HAL_GetTick
 .text.HAL_Delay
                0x08003614       0x54 ./Drivers/STM32F4xx_HAL_Driver/Src/stm32f4xx_hal.o
                0x08003614                HAL_Delay
 .text.HAL_ADC_Init
                0x08003668       0x9a ./Drivers/STM32F4xx_HAL_Driver/Src/stm32f4xx_hal_adc.o
                0x08003668                HAL_ADC_Init
 *fill*         0x08003702        0x2 
 .text.HAL_ADC_ConfigChannel
                0x08003704      0x270 ./Drivers/STM32F4xx_HAL_Driver/Src/stm32f4xx_hal_adc.o
                0x08003704                HAL_ADC_ConfigChannel
 .text._ZL8ADC_InitP17ADC_HandleTypeDef
                0x08003974      0x1f8 ./Drivers/STM32F4xx_HAL_Driver/Src/stm32f4xx_hal_adc.o
 .text.__NVIC_SetPriorityGrouping
                0x08003b6c       0x48 ./Drivers/STM32F4xx_HAL_Driver/Src/stm32f4xx_hal_cortex.o
 .text.__NVIC_GetPriorityGrouping
                0x08003bb4       0x1c ./Drivers/STM32F4xx_HAL_Driver/Src/stm32f4xx_hal_cortex.o
 .text.__NVIC_EnableIRQ
                0x08003bd0       0x3c ./Drivers/STM32F4xx_HAL_Driver/Src/stm32f4xx_hal_cortex.o
 .text.__NVIC_SetPriority
                0x08003c0c       0x54 ./Drivers/STM32F4xx_HAL_Driver/Src/stm32f4xx_hal_cortex.o
 .text.NVIC_EncodePriority
                0x08003c60       0x62 ./Drivers/STM32F4xx_HAL_Driver/Src/stm32f4xx_hal_cortex.o
 *fill*         0x08003cc2        0x2 
 .text.SysTick_Config
                0x08003cc4       0x44 ./Drivers/STM32F4xx_HAL_Driver/Src/stm32f4xx_hal_cortex.o
 .text.HAL_NVIC_SetPriorityGrouping
                0x08003d08       0x16 ./Drivers/STM32F4xx_HAL_Driver/Src/stm32f4xx_hal_cortex.o
                0x08003d08                HAL_NVIC_SetPriorityGrouping
 .text.HAL_NVIC_SetPriority
                0x08003d1e       0x38 ./Drivers/STM32F4xx_HAL_Driver/Src/stm32f4xx_hal_cortex.o
                0x08003d1e                HAL_NVIC_SetPriority
 .text.HAL_NVIC_EnableIRQ
                0x08003d56       0x1c ./Drivers/STM32F4xx_HAL_Driver/Src/stm32f4xx_hal_cortex.o
                0x08003d56                HAL_NVIC_EnableIRQ
 .text.HAL_SYSTICK_Config
                0x08003d72       0x18 ./Drivers/STM32F4xx_HAL_Driver/Src/stm32f4xx_hal_cortex.o
                0x08003d72                HAL_SYSTICK_Config
 *fill*         0x08003d8a        0x2 
 .text.HAL_GPIO_Init
                0x08003d8c      0x328 ./Drivers/STM32F4xx_HAL_Driver/Src/stm32f4xx_hal_gpio.o
                0x08003d8c                HAL_GPIO_Init
 .text.HAL_GPIO_ReadPin
                0x080040b4       0x3a ./Drivers/STM32F4xx_HAL_Driver/Src/stm32f4xx_hal_gpio.o
                0x080040b4                HAL_GPIO_ReadPin
 .text.HAL_GPIO_WritePin
                0x080040ee       0x32 ./Drivers/STM32F4xx_HAL_Driver/Src/stm32f4xx_hal_gpio.o
                0x080040ee                HAL_GPIO_WritePin
 .text.HAL_GPIO_EXTI_IRQHandler
                0x08004120       0x3c ./Drivers/STM32F4xx_HAL_Driver/Src/stm32f4xx_hal_gpio.o
                0x08004120                HAL_GPIO_EXTI_IRQHandler
 .text.HAL_GPIO_EXTI_Callback
                0x0800415c       0x16 ./Drivers/STM32F4xx_HAL_Driver/Src/stm32f4xx_hal_gpio.o
                0x0800415c                HAL_GPIO_EXTI_Callback
 *fill*         0x08004172        0x2 
 .text.HAL_RCC_ClockConfig
                0x08004174      0x228 ./Drivers/STM32F4xx_HAL_Driver/Src/stm32f4xx_hal_rcc.o
                0x08004174                HAL_RCC_ClockConfig
 .text.HAL_RCC_GetHCLKFreq
                0x0800439c       0x18 ./Drivers/STM32F4xx_HAL_Driver/Src/stm32f4xx_hal_rcc.o
                0x0800439c                HAL_RCC_GetHCLKFreq
 .text.HAL_RCC_GetPCLK1Freq
                0x080043b4       0x28 ./Drivers/STM32F4xx_HAL_Driver/Src/stm32f4xx_hal_rcc.o
                0x080043b4                HAL_RCC_GetPCLK1Freq
 .text.HAL_RCC_GetPCLK2Freq
                0x080043dc       0x28 ./Drivers/STM32F4xx_HAL_Driver/Src/stm32f4xx_hal_rcc.o
                0x080043dc                HAL_RCC_GetPCLK2Freq
 .text.HAL_RCC_GetSysClockFreq
                0x08004404      0x474 ./Drivers/STM32F4xx_HAL_Driver/Src/stm32f4xx_hal_rcc_ex.o
                0x08004404                HAL_RCC_GetSysClockFreq
 .text.HAL_RCC_OscConfig
                0x08004878      0x68c ./Drivers/STM32F4xx_HAL_Driver/Src/stm32f4xx_hal_rcc_ex.o
                0x08004878                HAL_RCC_OscConfig
 .text.HAL_SPI_Init
                0x08004f04      0x11c ./Drivers/STM32F4xx_HAL_Driver/Src/stm32f4xx_hal_spi.o
                0x08004f04                HAL_SPI_Init
 .text.HAL_SPI_Transmit
                0x08005020      0x2ee ./Drivers/STM32F4xx_HAL_Driver/Src/stm32f4xx_hal_spi.o
                0x08005020                HAL_SPI_Transmit
 .text.HAL_SPI_Receive
                0x0800530e      0x29a ./Drivers/STM32F4xx_HAL_Driver/Src/stm32f4xx_hal_spi.o
                0x0800530e                HAL_SPI_Receive
 .text.HAL_SPI_TransmitReceive
                0x080055a8      0x3d0 ./Drivers/STM32F4xx_HAL_Driver/Src/stm32f4xx_hal_spi.o
                0x080055a8                HAL_SPI_TransmitReceive
 .text._ZL29SPI_WaitFlagStateUntilTimeoutP19__SPI_HandleTypeDefm10FlagStatusmm
                0x08005978      0x12c ./Drivers/STM32F4xx_HAL_Driver/Src/stm32f4xx_hal_spi.o
 .text._ZL20SPI_EndRxTransactionP19__SPI_HandleTypeDefmm
                0x08005aa4       0xe8 ./Drivers/STM32F4xx_HAL_Driver/Src/stm32f4xx_hal_spi.o
 .text._ZL22SPI_EndRxTxTransactionP19__SPI_HandleTypeDefmm
                0x08005b8c       0xdc ./Drivers/STM32F4xx_HAL_Driver/Src/stm32f4xx_hal_spi.o
 .text.HAL_TIM_Base_Init
                0x08005c68       0xa8 ./Drivers/STM32F4xx_HAL_Driver/Src/stm32f4xx_hal_tim.o
                0x08005c68                HAL_TIM_Base_Init
 .text.HAL_TIM_Base_Start
                0x08005d10       0xd8 ./Drivers/STM32F4xx_HAL_Driver/Src/stm32f4xx_hal_tim.o
                0x08005d10                HAL_TIM_Base_Start
 .text.HAL_TIM_PWM_Init
                0x08005de8       0xa8 ./Drivers/STM32F4xx_HAL_Driver/Src/stm32f4xx_hal_tim.o
                0x08005de8                HAL_TIM_PWM_Init
 .text.HAL_TIM_PWM_MspInit
                0x08005e90       0x14 ./Drivers/STM32F4xx_HAL_Driver/Src/stm32f4xx_hal_tim.o
                0x08005e90                HAL_TIM_PWM_MspInit
 .text.HAL_TIM_PWM_Start
                0x08005ea4      0x174 ./Drivers/STM32F4xx_HAL_Driver/Src/stm32f4xx_hal_tim.o
                0x08005ea4                HAL_TIM_PWM_Start
 .text.HAL_TIM_PWM_ConfigChannel
                0x08006018      0x184 ./Drivers/STM32F4xx_HAL_Driver/Src/stm32f4xx_hal_tim.o
                0x08006018                HAL_TIM_PWM_ConfigChannel
 .text.HAL_TIM_ConfigClockSource
                0x0800619c      0x18e ./Drivers/STM32F4xx_HAL_Driver/Src/stm32f4xx_hal_tim.o
                0x0800619c                HAL_TIM_ConfigClockSource
 *fill*         0x0800632a        0x2 
 .text.TIM_Base_SetConfig
                0x0800632c      0x160 ./Drivers/STM32F4xx_HAL_Driver/Src/stm32f4xx_hal_tim.o
                0x0800632c                TIM_Base_SetConfig
 .text._ZL17TIM_OC1_SetConfigP11TIM_TypeDefPK18TIM_OC_InitTypeDef
                0x0800648c       0xe0 ./Drivers/STM32F4xx_HAL_Driver/Src/stm32f4xx_hal_tim.o
 .text.TIM_OC2_SetConfig
                0x0800656c       0xec ./Drivers/STM32F4xx_HAL_Driver/Src/stm32f4xx_hal_tim.o
                0x0800656c                TIM_OC2_SetConfig
 .text._ZL17TIM_OC3_SetConfigP11TIM_TypeDefPK18TIM_OC_InitTypeDef
                0x08006658       0xe8 ./Drivers/STM32F4xx_HAL_Driver/Src/stm32f4xx_hal_tim.o
 .text._ZL17TIM_OC4_SetConfigP11TIM_TypeDefPK18TIM_OC_InitTypeDef
                0x08006740       0xac ./Drivers/STM32F4xx_HAL_Driver/Src/stm32f4xx_hal_tim.o
 .text._ZL24TIM_TI1_ConfigInputStageP11TIM_TypeDefmm
                0x080067ec       0x5e ./Drivers/STM32F4xx_HAL_Driver/Src/stm32f4xx_hal_tim.o
 .text._ZL24TIM_TI2_ConfigInputStageP11TIM_TypeDefmm
                0x0800684a       0x60 ./Drivers/STM32F4xx_HAL_Driver/Src/stm32f4xx_hal_tim.o
 .text._ZL18TIM_ITRx_SetConfigP11TIM_TypeDefm
                0x080068aa       0x36 ./Drivers/STM32F4xx_HAL_Driver/Src/stm32f4xx_hal_tim.o
 .text.TIM_ETR_SetConfig
                0x080068e0       0x40 ./Drivers/STM32F4xx_HAL_Driver/Src/stm32f4xx_hal_tim.o
                0x080068e0                TIM_ETR_SetConfig
 .text.TIM_CCxChannelCmd
                0x08006920       0x4a ./Drivers/STM32F4xx_HAL_Driver/Src/stm32f4xx_hal_tim.o
                0x08006920                TIM_CCxChannelCmd
 *fill*         0x0800696a        0x2 
 .text.HAL_TIMEx_MasterConfigSynchronization
                0x0800696c       0xf8 ./Drivers/STM32F4xx_HAL_Driver/Src/stm32f4xx_hal_tim_ex.o
                0x0800696c                HAL_TIMEx_MasterConfigSynchronization
 .text.HAL_UART_Init
                0x08006a64       0xaa ./Drivers/STM32F4xx_HAL_Driver/Src/stm32f4xx_hal_uart.o
                0x08006a64                HAL_UART_Init
 .text.HAL_UART_Transmit
                0x08006b0e      0x142 ./Drivers/STM32F4xx_HAL_Driver/Src/stm32f4xx_hal_uart.o
                0x08006b0e                HAL_UART_Transmit
 .text._ZL27UART_WaitOnFlagUntilTimeoutP20__UART_HandleTypeDefm10FlagStatusmm
                0x08006c50       0xe2 ./Drivers/STM32F4xx_HAL_Driver/Src/stm32f4xx_hal_uart.o
 .text._ZL18UART_EndRxTransferP20__UART_HandleTypeDef
                0x08006d32       0xee ./Drivers/STM32F4xx_HAL_Driver/Src/stm32f4xx_hal_uart.o
 .text._ZL14UART_SetConfigP20__UART_HandleTypeDef
                0x08006e20      0x4ec ./Drivers/STM32F4xx_HAL_Driver/Src/stm32f4xx_hal_uart.o
 .text.abort    0x0800730c        0xe /opt/st/stm32cubeide_1.17.0/plugins/com.st.stm32cube.ide.mcu.externaltools.gnu-tools-for-stm32.12.3.rel1.linux64_1.1.0.202410170702/tools/bin/../lib/gcc/arm-none-eabi/12.3.1/../../../../arm-none-eabi/lib/thumb/v7e-m+fp/hard/libc_nano.a(libc_a-abort.o)
                0x0800730c                abort
 *fill*         0x0800731a        0x2 
 .text.malloc   0x0800731c       0x10 /opt/st/stm32cubeide_1.17.0/plugins/com.st.stm32cube.ide.mcu.externaltools.gnu-tools-for-stm32.12.3.rel1.linux64_1.1.0.202410170702/tools/bin/../lib/gcc/arm-none-eabi/12.3.1/../../../../arm-none-eabi/lib/thumb/v7e-m+fp/hard/libc_nano.a(libc_a-malloc.o)
                0x0800731c                malloc
 .text.sbrk_aligned
                0x0800732c       0x44 /opt/st/stm32cubeide_1.17.0/plugins/com.st.stm32cube.ide.mcu.externaltools.gnu-tools-for-stm32.12.3.rel1.linux64_1.1.0.202410170702/tools/bin/../lib/gcc/arm-none-eabi/12.3.1/../../../../arm-none-eabi/lib/thumb/v7e-m+fp/hard/libc_nano.a(libc_a-mallocr.o)
 .text._malloc_r
                0x08007370      0x100 /opt/st/stm32cubeide_1.17.0/plugins/com.st.stm32cube.ide.mcu.externaltools.gnu-tools-for-stm32.12.3.rel1.linux64_1.1.0.202410170702/tools/bin/../lib/gcc/arm-none-eabi/12.3.1/../../../../arm-none-eabi/lib/thumb/v7e-m+fp/hard/libc_nano.a(libc_a-mallocr.o)
                0x08007370                _malloc_r
 .text.__malloc_lock
                0x08007470        0xc /opt/st/stm32cubeide_1.17.0/plugins/com.st.stm32cube.ide.mcu.externaltools.gnu-tools-for-stm32.12.3.rel1.linux64_1.1.0.202410170702/tools/bin/../lib/gcc/arm-none-eabi/12.3.1/../../../../arm-none-eabi/lib/thumb/v7e-m+fp/hard/libc_nano.a(libc_a-mlock.o)
                0x08007470                __malloc_lock
 .text.__malloc_unlock
                0x0800747c        0xc /opt/st/stm32cubeide_1.17.0/plugins/com.st.stm32cube.ide.mcu.externaltools.gnu-tools-for-stm32.12.3.rel1.linux64_1.1.0.202410170702/tools/bin/../lib/gcc/arm-none-eabi/12.3.1/../../../../arm-none-eabi/lib/thumb/v7e-m+fp/hard/libc_nano.a(libc_a-mlock.o)
                0x0800747c                __malloc_unlock
 .text.__cvt    0x08007488       0xca /opt/st/stm32cubeide_1.17.0/plugins/com.st.stm32cube.ide.mcu.externaltools.gnu-tools-for-stm32.12.3.rel1.linux64_1.1.0.202410170702/tools/bin/../lib/gcc/arm-none-eabi/12.3.1/../../../../arm-none-eabi/lib/thumb/v7e-m+fp/hard/libc_nano.a(libc_a-nano-vfprintf_float.o)
                0x08007488                __cvt
 .text.__exponent
                0x08007552       0x74 /opt/st/stm32cubeide_1.17.0/plugins/com.st.stm32cube.ide.mcu.externaltools.gnu-tools-for-stm32.12.3.rel1.linux64_1.1.0.202410170702/tools/bin/../lib/gcc/arm-none-eabi/12.3.1/../../../../arm-none-eabi/lib/thumb/v7e-m+fp/hard/libc_nano.a(libc_a-nano-vfprintf_float.o)
                0x08007552                __exponent
 *fill*         0x080075c6        0x2 
 .text._printf_float
                0x080075c8      0x454 /opt/st/stm32cubeide_1.17.0/plugins/com.st.stm32cube.ide.mcu.externaltools.gnu-tools-for-stm32.12.3.rel1.linux64_1.1.0.202410170702/tools/bin/../lib/gcc/arm-none-eabi/12.3.1/../../../../arm-none-eabi/lib/thumb/v7e-m+fp/hard/libc_nano.a(libc_a-nano-vfprintf_float.o)
                0x080075c8                _printf_float
 .text._printf_common
                0x08007a1c       0xda /opt/st/stm32cubeide_1.17.0/plugins/com.st.stm32cube.ide.mcu.externaltools.gnu-tools-for-stm32.12.3.rel1.linux64_1.1.0.202410170702/tools/bin/../lib/gcc/arm-none-eabi/12.3.1/../../../../arm-none-eabi/lib/thumb/v7e-m+fp/hard/libc_nano.a(libc_a-nano-vfprintf_i.o)
                0x08007a1c                _printf_common
 *fill*         0x08007af6        0x2 
 .text._printf_i
                0x08007af8      0x240 /opt/st/stm32cubeide_1.17.0/plugins/com.st.stm32cube.ide.mcu.externaltools.gnu-tools-for-stm32.12.3.rel1.linux64_1.1.0.202410170702/tools/bin/../lib/gcc/arm-none-eabi/12.3.1/../../../../arm-none-eabi/lib/thumb/v7e-m+fp/hard/libc_nano.a(libc_a-nano-vfprintf_i.o)
                0x08007af8                _printf_i
 .text.std      0x08007d38       0x6c /opt/st/stm32cubeide_1.17.0/plugins/com.st.stm32cube.ide.mcu.externaltools.gnu-tools-for-stm32.12.3.rel1.linux64_1.1.0.202410170702/tools/bin/../lib/gcc/arm-none-eabi/12.3.1/../../../../arm-none-eabi/lib/thumb/v7e-m+fp/hard/libc_nano.a(libc_a-findfp.o)
 .text.stdio_exit_handler
                0x08007da4       0x18 /opt/st/stm32cubeide_1.17.0/plugins/com.st.stm32cube.ide.mcu.externaltools.gnu-tools-for-stm32.12.3.rel1.linux64_1.1.0.202410170702/tools/bin/../lib/gcc/arm-none-eabi/12.3.1/../../../../arm-none-eabi/lib/thumb/v7e-m+fp/hard/libc_nano.a(libc_a-findfp.o)
 .text.cleanup_stdio
                0x08007dbc       0x40 /opt/st/stm32cubeide_1.17.0/plugins/com.st.stm32cube.ide.mcu.externaltools.gnu-tools-for-stm32.12.3.rel1.linux64_1.1.0.202410170702/tools/bin/../lib/gcc/arm-none-eabi/12.3.1/../../../../arm-none-eabi/lib/thumb/v7e-m+fp/hard/libc_nano.a(libc_a-findfp.o)
 .text.global_stdio_init.part.0
                0x08007dfc       0x3c /opt/st/stm32cubeide_1.17.0/plugins/com.st.stm32cube.ide.mcu.externaltools.gnu-tools-for-stm32.12.3.rel1.linux64_1.1.0.202410170702/tools/bin/../lib/gcc/arm-none-eabi/12.3.1/../../../../arm-none-eabi/lib/thumb/v7e-m+fp/hard/libc_nano.a(libc_a-findfp.o)
 .text.__sfp_lock_acquire
                0x08007e38        0xc /opt/st/stm32cubeide_1.17.0/plugins/com.st.stm32cube.ide.mcu.externaltools.gnu-tools-for-stm32.12.3.rel1.linux64_1.1.0.202410170702/tools/bin/../lib/gcc/arm-none-eabi/12.3.1/../../../../arm-none-eabi/lib/thumb/v7e-m+fp/hard/libc_nano.a(libc_a-findfp.o)
                0x08007e38                __sfp_lock_acquire
 .text.__sfp_lock_release
                0x08007e44        0xc /opt/st/stm32cubeide_1.17.0/plugins/com.st.stm32cube.ide.mcu.externaltools.gnu-tools-for-stm32.12.3.rel1.linux64_1.1.0.202410170702/tools/bin/../lib/gcc/arm-none-eabi/12.3.1/../../../../arm-none-eabi/lib/thumb/v7e-m+fp/hard/libc_nano.a(libc_a-findfp.o)
                0x08007e44                __sfp_lock_release
 .text.__sinit  0x08007e50       0x30 /opt/st/stm32cubeide_1.17.0/plugins/com.st.stm32cube.ide.mcu.externaltools.gnu-tools-for-stm32.12.3.rel1.linux64_1.1.0.202410170702/tools/bin/../lib/gcc/arm-none-eabi/12.3.1/../../../../arm-none-eabi/lib/thumb/v7e-m+fp/hard/libc_nano.a(libc_a-findfp.o)
                0x08007e50                __sinit
 .text._fwalk_sglue
                0x08007e80       0x3c /opt/st/stm32cubeide_1.17.0/plugins/com.st.stm32cube.ide.mcu.externaltools.gnu-tools-for-stm32.12.3.rel1.linux64_1.1.0.202410170702/tools/bin/../lib/gcc/arm-none-eabi/12.3.1/../../../../arm-none-eabi/lib/thumb/v7e-m+fp/hard/libc_nano.a(libc_a-fwalk.o)
                0x08007e80                _fwalk_sglue
 .text.sprintf  0x08007ebc       0x40 /opt/st/stm32cubeide_1.17.0/plugins/com.st.stm32cube.ide.mcu.externaltools.gnu-tools-for-stm32.12.3.rel1.linux64_1.1.0.202410170702/tools/bin/../lib/gcc/arm-none-eabi/12.3.1/../../../../arm-none-eabi/lib/thumb/v7e-m+fp/hard/libc_nano.a(libc_a-sprintf.o)
                0x08007ebc                sprintf
                0x08007ebc                siprintf
 .text.__sread  0x08007efc       0x22 /opt/st/stm32cubeide_1.17.0/plugins/com.st.stm32cube.ide.mcu.externaltools.gnu-tools-for-stm32.12.3.rel1.linux64_1.1.0.202410170702/tools/bin/../lib/gcc/arm-none-eabi/12.3.1/../../../../arm-none-eabi/lib/thumb/v7e-m+fp/hard/libc_nano.a(libc_a-stdio.o)
                0x08007efc                __sread
 .text.__swrite
                0x08007f1e       0x38 /opt/st/stm32cubeide_1.17.0/plugins/com.st.stm32cube.ide.mcu.externaltools.gnu-tools-for-stm32.12.3.rel1.linux64_1.1.0.202410170702/tools/bin/../lib/gcc/arm-none-eabi/12.3.1/../../../../arm-none-eabi/lib/thumb/v7e-m+fp/hard/libc_nano.a(libc_a-stdio.o)
                0x08007f1e                __swrite
 .text.__sseek  0x08007f56       0x24 /opt/st/stm32cubeide_1.17.0/plugins/com.st.stm32cube.ide.mcu.externaltools.gnu-tools-for-stm32.12.3.rel1.linux64_1.1.0.202410170702/tools/bin/../lib/gcc/arm-none-eabi/12.3.1/../../../../arm-none-eabi/lib/thumb/v7e-m+fp/hard/libc_nano.a(libc_a-stdio.o)
                0x08007f56                __sseek
 .text.__sclose
                0x08007f7a        0x8 /opt/st/stm32cubeide_1.17.0/plugins/com.st.stm32cube.ide.mcu.externaltools.gnu-tools-for-stm32.12.3.rel1.linux64_1.1.0.202410170702/tools/bin/../lib/gcc/arm-none-eabi/12.3.1/../../../../arm-none-eabi/lib/thumb/v7e-m+fp/hard/libc_nano.a(libc_a-stdio.o)
                0x08007f7a                __sclose
 .text.memset   0x08007f82       0x10 /opt/st/stm32cubeide_1.17.0/plugins/com.st.stm32cube.ide.mcu.externaltools.gnu-tools-for-stm32.12.3.rel1.linux64_1.1.0.202410170702/tools/bin/../lib/gcc/arm-none-eabi/12.3.1/../../../../arm-none-eabi/lib/thumb/v7e-m+fp/hard/libc_nano.a(libc_a-memset.o)
                0x08007f82                memset
 .text._raise_r
                0x08007f92       0x50 /opt/st/stm32cubeide_1.17.0/plugins/com.st.stm32cube.ide.mcu.externaltools.gnu-tools-for-stm32.12.3.rel1.linux64_1.1.0.202410170702/tools/bin/../lib/gcc/arm-none-eabi/12.3.1/../../../../arm-none-eabi/lib/thumb/v7e-m+fp/hard/libc_nano.a(libc_a-signal.o)
                0x08007f92                _raise_r
 *fill*         0x08007fe2        0x2 
 .text.raise    0x08007fe4       0x10 /opt/st/stm32cubeide_1.17.0/plugins/com.st.stm32cube.ide.mcu.externaltools.gnu-tools-for-stm32.12.3.rel1.linux64_1.1.0.202410170702/tools/bin/../lib/gcc/arm-none-eabi/12.3.1/../../../../arm-none-eabi/lib/thumb/v7e-m+fp/hard/libc_nano.a(libc_a-signal.o)
                0x08007fe4                raise
 .text._localeconv_r
                0x08007ff4        0x8 /opt/st/stm32cubeide_1.17.0/plugins/com.st.stm32cube.ide.mcu.externaltools.gnu-tools-for-stm32.12.3.rel1.linux64_1.1.0.202410170702/tools/bin/../lib/gcc/arm-none-eabi/12.3.1/../../../../arm-none-eabi/lib/thumb/v7e-m+fp/hard/libc_nano.a(libc_a-localeconv.o)
                0x08007ff4                _localeconv_r
 .text._close_r
                0x08007ffc       0x20 /opt/st/stm32cubeide_1.17.0/plugins/com.st.stm32cube.ide.mcu.externaltools.gnu-tools-for-stm32.12.3.rel1.linux64_1.1.0.202410170702/tools/bin/../lib/gcc/arm-none-eabi/12.3.1/../../../../arm-none-eabi/lib/thumb/v7e-m+fp/hard/libc_nano.a(libc_a-closer.o)
                0x08007ffc                _close_r
 .text._lseek_r
                0x0800801c       0x24 /opt/st/stm32cubeide_1.17.0/plugins/com.st.stm32cube.ide.mcu.externaltools.gnu-tools-for-stm32.12.3.rel1.linux64_1.1.0.202410170702/tools/bin/../lib/gcc/arm-none-eabi/12.3.1/../../../../arm-none-eabi/lib/thumb/v7e-m+fp/hard/libc_nano.a(libc_a-lseekr.o)
                0x0800801c                _lseek_r
 .text._read_r  0x08008040       0x24 /opt/st/stm32cubeide_1.17.0/plugins/com.st.stm32cube.ide.mcu.externaltools.gnu-tools-for-stm32.12.3.rel1.linux64_1.1.0.202410170702/tools/bin/../lib/gcc/arm-none-eabi/12.3.1/../../../../arm-none-eabi/lib/thumb/v7e-m+fp/hard/libc_nano.a(libc_a-readr.o)
                0x08008040                _read_r
 .text._kill_r  0x08008064       0x24 /opt/st/stm32cubeide_1.17.0/plugins/com.st.stm32cube.ide.mcu.externaltools.gnu-tools-for-stm32.12.3.rel1.linux64_1.1.0.202410170702/tools/bin/../lib/gcc/arm-none-eabi/12.3.1/../../../../arm-none-eabi/lib/thumb/v7e-m+fp/hard/libc_nano.a(libc_a-signalr.o)
                0x08008064                _kill_r
 .text._getpid_r
                0x08008088        0x4 /opt/st/stm32cubeide_1.17.0/plugins/com.st.stm32cube.ide.mcu.externaltools.gnu-tools-for-stm32.12.3.rel1.linux64_1.1.0.202410170702/tools/bin/../lib/gcc/arm-none-eabi/12.3.1/../../../../arm-none-eabi/lib/thumb/v7e-m+fp/hard/libc_nano.a(libc_a-signalr.o)
                0x08008088                _getpid_r
 .text._sbrk_r  0x0800808c       0x20 /opt/st/stm32cubeide_1.17.0/plugins/com.st.stm32cube.ide.mcu.externaltools.gnu-tools-for-stm32.12.3.rel1.linux64_1.1.0.202410170702/tools/bin/../lib/gcc/arm-none-eabi/12.3.1/../../../../arm-none-eabi/lib/thumb/v7e-m+fp/hard/libc_nano.a(libc_a-sbrkr.o)
                0x0800808c                _sbrk_r
 .text._write_r
                0x080080ac       0x24 /opt/st/stm32cubeide_1.17.0/plugins/com.st.stm32cube.ide.mcu.externaltools.gnu-tools-for-stm32.12.3.rel1.linux64_1.1.0.202410170702/tools/bin/../lib/gcc/arm-none-eabi/12.3.1/../../../../arm-none-eabi/lib/thumb/v7e-m+fp/hard/libc_nano.a(libc_a-writer.o)
                0x080080ac                _write_r
 .text.__libc_init_array
                0x080080d0       0x48 /opt/st/stm32cubeide_1.17.0/plugins/com.st.stm32cube.ide.mcu.externaltools.gnu-tools-for-stm32.12.3.rel1.linux64_1.1.0.202410170702/tools/bin/../lib/gcc/arm-none-eabi/12.3.1/../../../../arm-none-eabi/lib/thumb/v7e-m+fp/hard/libc_nano.a(libc_a-init.o)
                0x080080d0                __libc_init_array
 .text.__retarget_lock_init_recursive
                0x08008118        0x2 /opt/st/stm32cubeide_1.17.0/plugins/com.st.stm32cube.ide.mcu.externaltools.gnu-tools-for-stm32.12.3.rel1.linux64_1.1.0.202410170702/tools/bin/../lib/gcc/arm-none-eabi/12.3.1/../../../../arm-none-eabi/lib/thumb/v7e-m+fp/hard/libc_nano.a(libc_a-lock.o)
                0x08008118                __retarget_lock_init_recursive
 .text.__retarget_lock_acquire_recursive
                0x0800811a        0x2 /opt/st/stm32cubeide_1.17.0/plugins/com.st.stm32cube.ide.mcu.externaltools.gnu-tools-for-stm32.12.3.rel1.linux64_1.1.0.202410170702/tools/bin/../lib/gcc/arm-none-eabi/12.3.1/../../../../arm-none-eabi/lib/thumb/v7e-m+fp/hard/libc_nano.a(libc_a-lock.o)
                0x0800811a                __retarget_lock_acquire_recursive
 .text.__retarget_lock_release_recursive
                0x0800811c        0x2 /opt/st/stm32cubeide_1.17.0/plugins/com.st.stm32cube.ide.mcu.externaltools.gnu-tools-for-stm32.12.3.rel1.linux64_1.1.0.202410170702/tools/bin/../lib/gcc/arm-none-eabi/12.3.1/../../../../arm-none-eabi/lib/thumb/v7e-m+fp/hard/libc_nano.a(libc_a-lock.o)
                0x0800811c                __retarget_lock_release_recursive
 .text.memcpy   0x0800811e       0x1c /opt/st/stm32cubeide_1.17.0/plugins/com.st.stm32cube.ide.mcu.externaltools.gnu-tools-for-stm32.12.3.rel1.linux64_1.1.0.202410170702/tools/bin/../lib/gcc/arm-none-eabi/12.3.1/../../../../arm-none-eabi/lib/thumb/v7e-m+fp/hard/libc_nano.a(libc_a-memcpy-stub.o)
                0x0800811e                memcpy
 .text.quorem   0x0800813a      0x110 /opt/st/stm32cubeide_1.17.0/plugins/com.st.stm32cube.ide.mcu.externaltools.gnu-tools-for-stm32.12.3.rel1.linux64_1.1.0.202410170702/tools/bin/../lib/gcc/arm-none-eabi/12.3.1/../../../../arm-none-eabi/lib/thumb/v7e-m+fp/hard/libc_nano.a(libc_a-dtoa.o)
 *fill*         0x0800824a        0x6 
 .text._dtoa_r  0x08008250      0xb88 /opt/st/stm32cubeide_1.17.0/plugins/com.st.stm32cube.ide.mcu.externaltools.gnu-tools-for-stm32.12.3.rel1.linux64_1.1.0.202410170702/tools/bin/../lib/gcc/arm-none-eabi/12.3.1/../../../../arm-none-eabi/lib/thumb/v7e-m+fp/hard/libc_nano.a(libc_a-dtoa.o)
                0x08008250                _dtoa_r
 .text._free_r  0x08008dd8       0x94 /opt/st/stm32cubeide_1.17.0/plugins/com.st.stm32cube.ide.mcu.externaltools.gnu-tools-for-stm32.12.3.rel1.linux64_1.1.0.202410170702/tools/bin/../lib/gcc/arm-none-eabi/12.3.1/../../../../arm-none-eabi/lib/thumb/v7e-m+fp/hard/libc_nano.a(libc_a-freer.o)
                0x08008dd8                _free_r
 .text._Balloc  0x08008e6c       0x80 /opt/st/stm32cubeide_1.17.0/plugins/com.st.stm32cube.ide.mcu.externaltools.gnu-tools-for-stm32.12.3.rel1.linux64_1.1.0.202410170702/tools/bin/../lib/gcc/arm-none-eabi/12.3.1/../../../../arm-none-eabi/lib/thumb/v7e-m+fp/hard/libc_nano.a(libc_a-mprec.o)
                0x08008e6c                _Balloc
 .text._Bfree   0x08008eec       0x44 /opt/st/stm32cubeide_1.17.0/plugins/com.st.stm32cube.ide.mcu.externaltools.gnu-tools-for-stm32.12.3.rel1.linux64_1.1.0.202410170702/tools/bin/../lib/gcc/arm-none-eabi/12.3.1/../../../../arm-none-eabi/lib/thumb/v7e-m+fp/hard/libc_nano.a(libc_a-mprec.o)
                0x08008eec                _Bfree
 .text.__multadd
                0x08008f30       0x8c /opt/st/stm32cubeide_1.17.0/plugins/com.st.stm32cube.ide.mcu.externaltools.gnu-tools-for-stm32.12.3.rel1.linux64_1.1.0.202410170702/tools/bin/../lib/gcc/arm-none-eabi/12.3.1/../../../../arm-none-eabi/lib/thumb/v7e-m+fp/hard/libc_nano.a(libc_a-mprec.o)
                0x08008f30                __multadd
 .text.__hi0bits
                0x08008fbc       0x3e /opt/st/stm32cubeide_1.17.0/plugins/com.st.stm32cube.ide.mcu.externaltools.gnu-tools-for-stm32.12.3.rel1.linux64_1.1.0.202410170702/tools/bin/../lib/gcc/arm-none-eabi/12.3.1/../../../../arm-none-eabi/lib/thumb/v7e-m+fp/hard/libc_nano.a(libc_a-mprec.o)
                0x08008fbc                __hi0bits
 .text.__lo0bits
                0x08008ffa       0x5a /opt/st/stm32cubeide_1.17.0/plugins/com.st.stm32cube.ide.mcu.externaltools.gnu-tools-for-stm32.12.3.rel1.linux64_1.1.0.202410170702/tools/bin/../lib/gcc/arm-none-eabi/12.3.1/../../../../arm-none-eabi/lib/thumb/v7e-m+fp/hard/libc_nano.a(libc_a-mprec.o)
                0x08008ffa                __lo0bits
 .text.__i2b    0x08009054       0x2c /opt/st/stm32cubeide_1.17.0/plugins/com.st.stm32cube.ide.mcu.externaltools.gnu-tools-for-stm32.12.3.rel1.linux64_1.1.0.202410170702/tools/bin/../lib/gcc/arm-none-eabi/12.3.1/../../../../arm-none-eabi/lib/thumb/v7e-m+fp/hard/libc_nano.a(libc_a-mprec.o)
                0x08009054                __i2b
 .text.__multiply
                0x08009080      0x154 /opt/st/stm32cubeide_1.17.0/plugins/com.st.stm32cube.ide.mcu.externaltools.gnu-tools-for-stm32.12.3.rel1.linux64_1.1.0.202410170702/tools/bin/../lib/gcc/arm-none-eabi/12.3.1/../../../../arm-none-eabi/lib/thumb/v7e-m+fp/hard/libc_nano.a(libc_a-mprec.o)
                0x08009080                __multiply
 .text.__pow5mult
                0x080091d4       0xb4 /opt/st/stm32cubeide_1.17.0/plugins/com.st.stm32cube.ide.mcu.externaltools.gnu-tools-for-stm32.12.3.rel1.linux64_1.1.0.202410170702/tools/bin/../lib/gcc/arm-none-eabi/12.3.1/../../../../arm-none-eabi/lib/thumb/v7e-m+fp/hard/libc_nano.a(libc_a-mprec.o)
                0x080091d4                __pow5mult
 .text.__lshift
                0x08009288       0xd8 /opt/st/stm32cubeide_1.17.0/plugins/com.st.stm32cube.ide.mcu.externaltools.gnu-tools-for-stm32.12.3.rel1.linux64_1.1.0.202410170702/tools/bin/../lib/gcc/arm-none-eabi/12.3.1/../../../../arm-none-eabi/lib/thumb/v7e-m+fp/hard/libc_nano.a(libc_a-mprec.o)
                0x08009288                __lshift
 .text.__mcmp   0x08009360       0x36 /opt/st/stm32cubeide_1.17.0/plugins/com.st.stm32cube.ide.mcu.externaltools.gnu-tools-for-stm32.12.3.rel1.linux64_1.1.0.202410170702/tools/bin/../lib/gcc/arm-none-eabi/12.3.1/../../../../arm-none-eabi/lib/thumb/v7e-m+fp/hard/libc_nano.a(libc_a-mprec.o)
                0x08009360                __mcmp
 *fill*         0x08009396        0x2 
 .text.__mdiff  0x08009398      0x128 /opt/st/stm32cubeide_1.17.0/plugins/com.st.stm32cube.ide.mcu.externaltools.gnu-tools-for-stm32.12.3.rel1.linux64_1.1.0.202410170702/tools/bin/../lib/gcc/arm-none-eabi/12.3.1/../../../../arm-none-eabi/lib/thumb/v7e-m+fp/hard/libc_nano.a(libc_a-mprec.o)
                0x08009398                __mdiff
 .text.__d2b    0x080094c0       0xb0 /opt/st/stm32cubeide_1.17.0/plugins/com.st.stm32cube.ide.mcu.externaltools.gnu-tools-for-stm32.12.3.rel1.linux64_1.1.0.202410170702/tools/bin/../lib/gcc/arm-none-eabi/12.3.1/../../../../arm-none-eabi/lib/thumb/v7e-m+fp/hard/libc_nano.a(libc_a-mprec.o)
                0x080094c0                __d2b
 .text.__ssputs_r
                0x08009570       0xb6 /opt/st/stm32cubeide_1.17.0/plugins/com.st.stm32cube.ide.mcu.externaltools.gnu-tools-for-stm32.12.3.rel1.linux64_1.1.0.202410170702/tools/bin/../lib/gcc/arm-none-eabi/12.3.1/../../../../arm-none-eabi/lib/thumb/v7e-m+fp/hard/libc_nano.a(libc_a-nano-svfprintf.o)
                0x08009570                __ssputs_r
 *fill*         0x08009626        0x2 
 .text._svfprintf_r
                0x08009628      0x1f8 /opt/st/stm32cubeide_1.17.0/plugins/com.st.stm32cube.ide.mcu.externaltools.gnu-tools-for-stm32.12.3.rel1.linux64_1.1.0.202410170702/tools/bin/../lib/gcc/arm-none-eabi/12.3.1/../../../../arm-none-eabi/lib/thumb/v7e-m+fp/hard/libc_nano.a(libc_a-nano-svfprintf.o)
                0x08009628                _svfprintf_r
                0x08009628                _svfiprintf_r
 .text.__sflush_r
                0x08009820      0x108 /opt/st/stm32cubeide_1.17.0/plugins/com.st.stm32cube.ide.mcu.externaltools.gnu-tools-for-stm32.12.3.rel1.linux64_1.1.0.202410170702/tools/bin/../lib/gcc/arm-none-eabi/12.3.1/../../../../arm-none-eabi/lib/thumb/v7e-m+fp/hard/libc_nano.a(libc_a-fflush.o)
                0x08009820                __sflush_r
 .text._fflush_r
                0x08009928       0x50 /opt/st/stm32cubeide_1.17.0/plugins/com.st.stm32cube.ide.mcu.externaltools.gnu-tools-for-stm32.12.3.rel1.linux64_1.1.0.202410170702/tools/bin/../lib/gcc/arm-none-eabi/12.3.1/../../../../arm-none-eabi/lib/thumb/v7e-m+fp/hard/libc_nano.a(libc_a-fflush.o)
                0x08009928                _fflush_r
 .text.memmove  0x08009978       0x34 /opt/st/stm32cubeide_1.17.0/plugins/com.st.stm32cube.ide.mcu.externaltools.gnu-tools-for-stm32.12.3.rel1.linux64_1.1.0.202410170702/tools/bin/../lib/gcc/arm-none-eabi/12.3.1/../../../../arm-none-eabi/lib/thumb/v7e-m+fp/hard/libc_nano.a(libc_a-memmove.o)
                0x08009978                memmove
 .text.__assert_func
                0x080099ac       0x3c /opt/st/stm32cubeide_1.17.0/plugins/com.st.stm32cube.ide.mcu.externaltools.gnu-tools-for-stm32.12.3.rel1.linux64_1.1.0.202410170702/tools/bin/../lib/gcc/arm-none-eabi/12.3.1/../../../../arm-none-eabi/lib/thumb/v7e-m+fp/hard/libc_nano.a(libc_a-assert.o)
                0x080099ac                __assert_func
 .text._calloc_r
                0x080099e8       0x28 /opt/st/stm32cubeide_1.17.0/plugins/com.st.stm32cube.ide.mcu.externaltools.gnu-tools-for-stm32.12.3.rel1.linux64_1.1.0.202410170702/tools/bin/../lib/gcc/arm-none-eabi/12.3.1/../../../../arm-none-eabi/lib/thumb/v7e-m+fp/hard/libc_nano.a(libc_a-callocr.o)
                0x080099e8                _calloc_r
 .text.__ascii_mbtowc
                0x08009a10       0x24 /opt/st/stm32cubeide_1.17.0/plugins/com.st.stm32cube.ide.mcu.externaltools.gnu-tools-for-stm32.12.3.rel1.linux64_1.1.0.202410170702/tools/bin/../lib/gcc/arm-none-eabi/12.3.1/../../../../arm-none-eabi/lib/thumb/v7e-m+fp/hard/libc_nano.a(libc_a-mbtowc_r.o)
                0x08009a10                __ascii_mbtowc
 .text._realloc_r
                0x08009a34       0x5c /opt/st/stm32cubeide_1.17.0/plugins/com.st.stm32cube.ide.mcu.externaltools.gnu-tools-for-stm32.12.3.rel1.linux64_1.1.0.202410170702/tools/bin/../lib/gcc/arm-none-eabi/12.3.1/../../../../arm-none-eabi/lib/thumb/v7e-m+fp/hard/libc_nano.a(libc_a-reallocr.o)
                0x08009a34                _realloc_r
 .text.__ascii_wctomb
                0x08009a90       0x1a /opt/st/stm32cubeide_1.17.0/plugins/com.st.stm32cube.ide.mcu.externaltools.gnu-tools-for-stm32.12.3.rel1.linux64_1.1.0.202410170702/tools/bin/../lib/gcc/arm-none-eabi/12.3.1/../../../../arm-none-eabi/lib/thumb/v7e-m+fp/hard/libc_nano.a(libc_a-wctomb_r.o)
                0x08009a90                __ascii_wctomb
 *fill*         0x08009aaa        0x2 
 .text.fprintf  0x08009aac       0x24 /opt/st/stm32cubeide_1.17.0/plugins/com.st.stm32cube.ide.mcu.externaltools.gnu-tools-for-stm32.12.3.rel1.linux64_1.1.0.202410170702/tools/bin/../lib/gcc/arm-none-eabi/12.3.1/../../../../arm-none-eabi/lib/thumb/v7e-m+fp/hard/libc_nano.a(libc_a-fprintf.o)
                0x08009aac                fprintf
                0x08009aac                fiprintf
 .text._malloc_usable_size_r
                0x08009ad0       0x10 /opt/st/stm32cubeide_1.17.0/plugins/com.st.stm32cube.ide.mcu.externaltools.gnu-tools-for-stm32.12.3.rel1.linux64_1.1.0.202410170702/tools/bin/../lib/gcc/arm-none-eabi/12.3.1/../../../../arm-none-eabi/lib/thumb/v7e-m+fp/hard/libc_nano.a(libc_a-msizer.o)
                0x08009ad0                _malloc_usable_size_r
 .text.__sfputc_r
                0x08009ae0       0x2e /opt/st/stm32cubeide_1.17.0/plugins/com.st.stm32cube.ide.mcu.externaltools.gnu-tools-for-stm32.12.3.rel1.linux64_1.1.0.202410170702/tools/bin/../lib/gcc/arm-none-eabi/12.3.1/../../../../arm-none-eabi/lib/thumb/v7e-m+fp/hard/libc_nano.a(libc_a-nano-vfprintf.o)
 .text.__sfputs_r
                0x08009b0e       0x24 /opt/st/stm32cubeide_1.17.0/plugins/com.st.stm32cube.ide.mcu.externaltools.gnu-tools-for-stm32.12.3.rel1.linux64_1.1.0.202410170702/tools/bin/../lib/gcc/arm-none-eabi/12.3.1/../../../../arm-none-eabi/lib/thumb/v7e-m+fp/hard/libc_nano.a(libc_a-nano-vfprintf.o)
                0x08009b0e                __sfputs_r
 *fill*         0x08009b32        0x2 
 .text._vfprintf_r
                0x08009b34      0x230 /opt/st/stm32cubeide_1.17.0/plugins/com.st.stm32cube.ide.mcu.externaltools.gnu-tools-for-stm32.12.3.rel1.linux64_1.1.0.202410170702/tools/bin/../lib/gcc/arm-none-eabi/12.3.1/../../../../arm-none-eabi/lib/thumb/v7e-m+fp/hard/libc_nano.a(libc_a-nano-vfprintf.o)
                0x08009b34                _vfiprintf_r
                0x08009b34                _vfprintf_r
 .text.__swbuf_r
                0x08009d64       0x7c /opt/st/stm32cubeide_1.17.0/plugins/com.st.stm32cube.ide.mcu.externaltools.gnu-tools-for-stm32.12.3.rel1.linux64_1.1.0.202410170702/tools/bin/../lib/gcc/arm-none-eabi/12.3.1/../../../../arm-none-eabi/lib/thumb/v7e-m+fp/hard/libc_nano.a(libc_a-wbuf.o)
                0x08009d64                __swbuf_r
 .text.__swsetup_r
                0x08009de0       0xac /opt/st/stm32cubeide_1.17.0/plugins/com.st.stm32cube.ide.mcu.externaltools.gnu-tools-for-stm32.12.3.rel1.linux64_1.1.0.202410170702/tools/bin/../lib/gcc/arm-none-eabi/12.3.1/../../../../arm-none-eabi/lib/thumb/v7e-m+fp/hard/libc_nano.a(libc_a-wsetup.o)
                0x08009de0                __swsetup_r
 .text.__swhatbuf_r
                0x08009e8c       0x4c /opt/st/stm32cubeide_1.17.0/plugins/com.st.stm32cube.ide.mcu.externaltools.gnu-tools-for-stm32.12.3.rel1.linux64_1.1.0.202410170702/tools/bin/../lib/gcc/arm-none-eabi/12.3.1/../../../../arm-none-eabi/lib/thumb/v7e-m+fp/hard/libc_nano.a(libc_a-makebuf.o)
                0x08009e8c                __swhatbuf_r
 .text.__smakebuf_r
                0x08009ed8       0x78 /opt/st/stm32cubeide_1.17.0/plugins/com.st.stm32cube.ide.mcu.externaltools.gnu-tools-for-stm32.12.3.rel1.linux64_1.1.0.202410170702/tools/bin/../lib/gcc/arm-none-eabi/12.3.1/../../../../arm-none-eabi/lib/thumb/v7e-m+fp/hard/libc_nano.a(libc_a-makebuf.o)
                0x08009ed8                __smakebuf_r
 .text._fstat_r
                0x08009f50       0x24 /opt/st/stm32cubeide_1.17.0/plugins/com.st.stm32cube.ide.mcu.externaltools.gnu-tools-for-stm32.12.3.rel1.linux64_1.1.0.202410170702/tools/bin/../lib/gcc/arm-none-eabi/12.3.1/../../../../arm-none-eabi/lib/thumb/v7e-m+fp/hard/libc_nano.a(libc_a-fstatr.o)
                0x08009f50                _fstat_r
 .text._isatty_r
                0x08009f74       0x20 /opt/st/stm32cubeide_1.17.0/plugins/com.st.stm32cube.ide.mcu.externaltools.gnu-tools-for-stm32.12.3.rel1.linux64_1.1.0.202410170702/tools/bin/../lib/gcc/arm-none-eabi/12.3.1/../../../../arm-none-eabi/lib/thumb/v7e-m+fp/hard/libc_nano.a(libc_a-isattyr.o)
                0x08009f74                _isatty_r
 .text._close   0x08009f94       0x10 /opt/st/stm32cubeide_1.17.0/plugins/com.st.stm32cube.ide.mcu.externaltools.gnu-tools-for-stm32.12.3.rel1.linux64_1.1.0.202410170702/tools/bin/../lib/gcc/arm-none-eabi/12.3.1/../../../../arm-none-eabi/lib/thumb/v7e-m+fp/hard/libnosys.a(close.o)
                0x08009f94                _close
 .text._fstat   0x08009fa4       0x10 /opt/st/stm32cubeide_1.17.0/plugins/com.st.stm32cube.ide.mcu.externaltools.gnu-tools-for-stm32.12.3.rel1.linux64_1.1.0.202410170702/tools/bin/../lib/gcc/arm-none-eabi/12.3.1/../../../../arm-none-eabi/lib/thumb/v7e-m+fp/hard/libnosys.a(fstat.o)
                0x08009fa4                _fstat
 .text._getpid  0x08009fb4       0x10 /opt/st/stm32cubeide_1.17.0/plugins/com.st.stm32cube.ide.mcu.externaltools.gnu-tools-for-stm32.12.3.rel1.linux64_1.1.0.202410170702/tools/bin/../lib/gcc/arm-none-eabi/12.3.1/../../../../arm-none-eabi/lib/thumb/v7e-m+fp/hard/libnosys.a(getpid.o)
                0x08009fb4                _getpid
 .text._isatty  0x08009fc4       0x10 /opt/st/stm32cubeide_1.17.0/plugins/com.st.stm32cube.ide.mcu.externaltools.gnu-tools-for-stm32.12.3.rel1.linux64_1.1.0.202410170702/tools/bin/../lib/gcc/arm-none-eabi/12.3.1/../../../../arm-none-eabi/lib/thumb/v7e-m+fp/hard/libnosys.a(isatty.o)
                0x08009fc4                _isatty
 .text._kill    0x08009fd4       0x10 /opt/st/stm32cubeide_1.17.0/plugins/com.st.stm32cube.ide.mcu.externaltools.gnu-tools-for-stm32.12.3.rel1.linux64_1.1.0.202410170702/tools/bin/../lib/gcc/arm-none-eabi/12.3.1/../../../../arm-none-eabi/lib/thumb/v7e-m+fp/hard/libnosys.a(kill.o)
                0x08009fd4                _kill
 .text._lseek   0x08009fe4       0x10 /opt/st/stm32cubeide_1.17.0/plugins/com.st.stm32cube.ide.mcu.externaltools.gnu-tools-for-stm32.12.3.rel1.linux64_1.1.0.202410170702/tools/bin/../lib/gcc/arm-none-eabi/12.3.1/../../../../arm-none-eabi/lib/thumb/v7e-m+fp/hard/libnosys.a(lseek.o)
                0x08009fe4                _lseek
 .text._read    0x08009ff4       0x10 /opt/st/stm32cubeide_1.17.0/plugins/com.st.stm32cube.ide.mcu.externaltools.gnu-tools-for-stm32.12.3.rel1.linux64_1.1.0.202410170702/tools/bin/../lib/gcc/arm-none-eabi/12.3.1/../../../../arm-none-eabi/lib/thumb/v7e-m+fp/hard/libnosys.a(read.o)
                0x08009ff4                _read
 .text._sbrk    0x0800a004       0x1c /opt/st/stm32cubeide_1.17.0/plugins/com.st.stm32cube.ide.mcu.externaltools.gnu-tools-for-stm32.12.3.rel1.linux64_1.1.0.202410170702/tools/bin/../lib/gcc/arm-none-eabi/12.3.1/../../../../arm-none-eabi/lib/thumb/v7e-m+fp/hard/libnosys.a(sbrk.o)
                0x0800a004                _sbrk
 .text._write   0x0800a020       0x10 /opt/st/stm32cubeide_1.17.0/plugins/com.st.stm32cube.ide.mcu.externaltools.gnu-tools-for-stm32.12.3.rel1.linux64_1.1.0.202410170702/tools/bin/../lib/gcc/arm-none-eabi/12.3.1/../../../../arm-none-eabi/lib/thumb/v7e-m+fp/hard/libnosys.a(write.o)
                0x0800a020                _write
 .text._exit    0x0800a030        0x2 /opt/st/stm32cubeide_1.17.0/plugins/com.st.stm32cube.ide.mcu.externaltools.gnu-tools-for-stm32.12.3.rel1.linux64_1.1.0.202410170702/tools/bin/../lib/gcc/arm-none-eabi/12.3.1/../../../../arm-none-eabi/lib/thumb/v7e-m+fp/hard/libnosys.a(_exit.o)
                0x0800a030                _exit
 *(.glue_7)
 .glue_7        0x0800a032        0x0 linker stubs
 *(.glue_7t)
 .glue_7t       0x0800a032        0x0 linker stubs
 *(.eh_frame)
 *fill*         0x0800a032        0x2 
 .eh_frame      0x0800a034        0x0 /opt/st/stm32cubeide_1.17.0/plugins/com.st.stm32cube.ide.mcu.externaltools.gnu-tools-for-stm32.12.3.rel1.linux64_1.1.0.202410170702/tools/bin/../lib/gcc/arm-none-eabi/12.3.1/thumb/v7e-m+fp/hard/crtbegin.o
 *(.init)
 .init          0x0800a034        0x4 /opt/st/stm32cubeide_1.17.0/plugins/com.st.stm32cube.ide.mcu.externaltools.gnu-tools-for-stm32.12.3.rel1.linux64_1.1.0.202410170702/tools/bin/../lib/gcc/arm-none-eabi/12.3.1/thumb/v7e-m+fp/hard/crti.o
                0x0800a034                _init
 .init          0x0800a038        0x8 /opt/st/stm32cubeide_1.17.0/plugins/com.st.stm32cube.ide.mcu.externaltools.gnu-tools-for-stm32.12.3.rel1.linux64_1.1.0.202410170702/tools/bin/../lib/gcc/arm-none-eabi/12.3.1/thumb/v7e-m+fp/hard/crtn.o
 *(.fini)
 .fini          0x0800a040        0x4 /opt/st/stm32cubeide_1.17.0/plugins/com.st.stm32cube.ide.mcu.externaltools.gnu-tools-for-stm32.12.3.rel1.linux64_1.1.0.202410170702/tools/bin/../lib/gcc/arm-none-eabi/12.3.1/thumb/v7e-m+fp/hard/crti.o
                0x0800a040                _fini
 .fini          0x0800a044        0x8 /opt/st/stm32cubeide_1.17.0/plugins/com.st.stm32cube.ide.mcu.externaltools.gnu-tools-for-stm32.12.3.rel1.linux64_1.1.0.202410170702/tools/bin/../lib/gcc/arm-none-eabi/12.3.1/thumb/v7e-m+fp/hard/crtn.o
                0x0800a04c                        . = ALIGN (0x4)
                0x0800a04c                        _etext = .

.vfp11_veneer   0x0800a04c        0x0
 .vfp11_veneer  0x0800a04c        0x0 linker stubs

.v4_bx          0x0800a04c        0x0
 .v4_bx         0x0800a04c        0x0 linker stubs

.iplt           0x0800a04c        0x0
 .iplt          0x0800a04c        0x0 /opt/st/stm32cubeide_1.17.0/plugins/com.st.stm32cube.ide.mcu.externaltools.gnu-tools-for-stm32.12.3.rel1.linux64_1.1.0.202410170702/tools/bin/../lib/gcc/arm-none-eabi/12.3.1/thumb/v7e-m+fp/hard/crtbegin.o

.rodata         0x0800a050      0x760
                0x0800a050                        . = ALIGN (0x4)
 *(.rodata)
 .rodata        0x0800a050       0x33 ./Core/Src/Degree5.o
 *fill*         0x0800a083        0x1 
 .rodata        0x0800a084      0x39f ./Core/Src/main.o
 *(.rodata*)
 *fill*         0x0800a423        0x1 
 .rodata.AHBPrescTable
                0x0800a424       0x10 ./Core/Src/system_stm32f4xx.o
                0x0800a424                AHBPrescTable
 .rodata.APBPrescTable
                0x0800a434        0x8 ./Core/Src/system_stm32f4xx.o
                0x0800a434                APBPrescTable
 .rodata._printf_float.str1.1
                0x0800a43c       0x12 /opt/st/stm32cubeide_1.17.0/plugins/com.st.stm32cube.ide.mcu.externaltools.gnu-tools-for-stm32.12.3.rel1.linux64_1.1.0.202410170702/tools/bin/../lib/gcc/arm-none-eabi/12.3.1/../../../../arm-none-eabi/lib/thumb/v7e-m+fp/hard/libc_nano.a(libc_a-nano-vfprintf_float.o)
 .rodata._printf_i.str1.1
                0x0800a44e       0x22 /opt/st/stm32cubeide_1.17.0/plugins/com.st.stm32cube.ide.mcu.externaltools.gnu-tools-for-stm32.12.3.rel1.linux64_1.1.0.202410170702/tools/bin/../lib/gcc/arm-none-eabi/12.3.1/../../../../arm-none-eabi/lib/thumb/v7e-m+fp/hard/libc_nano.a(libc_a-nano-vfprintf_i.o)
 .rodata._dtoa_r.str1.1
                0x0800a470       0x8d /opt/st/stm32cubeide_1.17.0/plugins/com.st.stm32cube.ide.mcu.externaltools.gnu-tools-for-stm32.12.3.rel1.linux64_1.1.0.202410170702/tools/bin/../lib/gcc/arm-none-eabi/12.3.1/../../../../arm-none-eabi/lib/thumb/v7e-m+fp/hard/libc_nano.a(libc_a-dtoa.o)
                                 0x8f (size before relaxing)
 .rodata._Balloc.str1.1
                0x0800a4fd       0x59 /opt/st/stm32cubeide_1.17.0/plugins/com.st.stm32cube.ide.mcu.externaltools.gnu-tools-for-stm32.12.3.rel1.linux64_1.1.0.202410170702/tools/bin/../lib/gcc/arm-none-eabi/12.3.1/../../../../arm-none-eabi/lib/thumb/v7e-m+fp/hard/libc_nano.a(libc_a-mprec.o)
                                 0x70 (size before relaxing)
 .rodata.__multadd.str1.1
                0x0800a556       0x11 /opt/st/stm32cubeide_1.17.0/plugins/com.st.stm32cube.ide.mcu.externaltools.gnu-tools-for-stm32.12.3.rel1.linux64_1.1.0.202410170702/tools/bin/../lib/gcc/arm-none-eabi/12.3.1/../../../../arm-none-eabi/lib/thumb/v7e-m+fp/hard/libc_nano.a(libc_a-mprec.o)
 *fill*         0x0800a556        0x2 
 .rodata.p05.0  0x0800a558        0xc /opt/st/stm32cubeide_1.17.0/plugins/com.st.stm32cube.ide.mcu.externaltools.gnu-tools-for-stm32.12.3.rel1.linux64_1.1.0.202410170702/tools/bin/../lib/gcc/arm-none-eabi/12.3.1/../../../../arm-none-eabi/lib/thumb/v7e-m+fp/hard/libc_nano.a(libc_a-mprec.o)
 *fill*         0x0800a564        0x4 
 .rodata.__mprec_bigtens
                0x0800a568       0x28 /opt/st/stm32cubeide_1.17.0/plugins/com.st.stm32cube.ide.mcu.externaltools.gnu-tools-for-stm32.12.3.rel1.linux64_1.1.0.202410170702/tools/bin/../lib/gcc/arm-none-eabi/12.3.1/../../../../arm-none-eabi/lib/thumb/v7e-m+fp/hard/libc_nano.a(libc_a-mprec.o)
                0x0800a568                __mprec_bigtens
 .rodata.__mprec_tens
                0x0800a590       0xc8 /opt/st/stm32cubeide_1.17.0/plugins/com.st.stm32cube.ide.mcu.externaltools.gnu-tools-for-stm32.12.3.rel1.linux64_1.1.0.202410170702/tools/bin/../lib/gcc/arm-none-eabi/12.3.1/../../../../arm-none-eabi/lib/thumb/v7e-m+fp/hard/libc_nano.a(libc_a-mprec.o)
                0x0800a590                __mprec_tens
 .rodata._svfprintf_r.str1.1
                0x0800a658       0x11 /opt/st/stm32cubeide_1.17.0/plugins/com.st.stm32cube.ide.mcu.externaltools.gnu-tools-for-stm32.12.3.rel1.linux64_1.1.0.202410170702/tools/bin/../lib/gcc/arm-none-eabi/12.3.1/../../../../arm-none-eabi/lib/thumb/v7e-m+fp/hard/libc_nano.a(libc_a-nano-svfprintf.o)
 .rodata._setlocale_r.str1.1
                0x0800a669        0x8 /opt/st/stm32cubeide_1.17.0/plugins/com.st.stm32cube.ide.mcu.externaltools.gnu-tools-for-stm32.12.3.rel1.linux64_1.1.0.202410170702/tools/bin/../lib/gcc/arm-none-eabi/12.3.1/../../../../arm-none-eabi/lib/thumb/v7e-m+fp/hard/libc_nano.a(libc_a-locale.o)
                                  0x9 (size before relaxing)
 .rodata.str1.1
                0x0800a671        0x2 /opt/st/stm32cubeide_1.17.0/plugins/com.st.stm32cube.ide.mcu.externaltools.gnu-tools-for-stm32.12.3.rel1.linux64_1.1.0.202410170702/tools/bin/../lib/gcc/arm-none-eabi/12.3.1/../../../../arm-none-eabi/lib/thumb/v7e-m+fp/hard/libc_nano.a(libc_a-locale.o)
 .rodata.__assert_func.str1.1
                0x0800a673       0x3c /opt/st/stm32cubeide_1.17.0/plugins/com.st.stm32cube.ide.mcu.externaltools.gnu-tools-for-stm32.12.3.rel1.linux64_1.1.0.202410170702/tools/bin/../lib/gcc/arm-none-eabi/12.3.1/../../../../arm-none-eabi/lib/thumb/v7e-m+fp/hard/libc_nano.a(libc_a-assert.o)
                                 0x3d (size before relaxing)
 .rodata._ctype_
                0x0800a6af      0x101 /opt/st/stm32cubeide_1.17.0/plugins/com.st.stm32cube.ide.mcu.externaltools.gnu-tools-for-stm32.12.3.rel1.linux64_1.1.0.202410170702/tools/bin/../lib/gcc/arm-none-eabi/12.3.1/../../../../arm-none-eabi/lib/thumb/v7e-m+fp/hard/libc_nano.a(libc_a-ctype_.o)
                0x0800a6af                _ctype_
 .rodata._vfprintf_r.str1.1
                0x0800a7b0       0x11 /opt/st/stm32cubeide_1.17.0/plugins/com.st.stm32cube.ide.mcu.externaltools.gnu-tools-for-stm32.12.3.rel1.linux64_1.1.0.202410170702/tools/bin/../lib/gcc/arm-none-eabi/12.3.1/../../../../arm-none-eabi/lib/thumb/v7e-m+fp/hard/libc_nano.a(libc_a-nano-vfprintf.o)
                0x0800a7c4                        . = ALIGN (0x4)

.ARM.extab      0x0800a7b0      0x270
                0x0800a7b0                        . = ALIGN (0x4)
 *(.ARM.extab* .gnu.linkonce.armextab.*)
 .ARM.extab.text._Z21Degree5_SetServoAngleP7Degree5h
                0x0800a7b0        0xc ./Core/Src/Degree5.o
 .ARM.extab.text._Z9ResetChipP12GPIO_TypeDeft
                0x0800a7bc        0xc ./Core/Src/main.o
 .ARM.extab.text._Z10SelectChipP12GPIO_TypeDeft13GPIO_PinState
                0x0800a7c8        0xc ./Core/Src/main.o
 .ARM.extab.text._Z28SPI_TransmitReceiveWithDebugP19__SPI_HandleTypeDefPhS1_tPKc
                0x0800a7d4        0xc ./Core/Src/main.o
 .ARM.extab.text._Z17ProcessStatusBytePh
                0x0800a7e0        0xc ./Core/Src/main.o
 .ARM.extab.text._Z18SPI_WaitUntilReadyP19__SPI_HandleTypeDef
                0x0800a7ec        0xc ./Core/Src/main.o
 .ARM.extab.text._Z16SPI_WaitTransmitP19__SPI_HandleTypeDef
                0x0800a7f8        0xc ./Core/Src/main.o
 .ARM.extab.text._Z9GetStatusv
                0x0800a804        0xc ./Core/Src/main.o
 .ARM.extab.text._Z10SetStandbyv
                0x0800a810        0xc ./Core/Src/main.o
 .ARM.extab.text._Z11setLoRaModev
                0x0800a81c        0xc ./Core/Src/main.o
 .ARM.extab.text._Z13getPacketTypeP19__SPI_HandleTypeDef
                0x0800a828        0xc ./Core/Src/main.o
 .ARM.extab.text._Z12setFrequencyv
                0x0800a834        0xc ./Core/Src/main.o
 .ARM.extab.text._Z20setBufferBaseAddressv
                0x0800a840        0xc ./Core/Src/main.o
 .ARM.extab.text._Z19setModulationParamsv
                0x0800a84c        0xc ./Core/Src/main.o
 .ARM.extab.text._Z15setPacketParamsv
                0x0800a858        0xc ./Core/Src/main.o
 .ARM.extab.text._Z15setDioIrqParamsv
                0x0800a864        0xc ./Core/Src/main.o
 .ARM.extab.text._Z11setRxPeriodv
                0x0800a870        0xc ./Core/Src/main.o
 .ARM.extab.text._Z15GetPacketStatusP19__SPI_HandleTypeDefP20__UART_HandleTypeDef
                0x0800a87c        0xc ./Core/Src/main.o
 .ARM.extab.text._Z17GetRxBufferStatusP19__SPI_HandleTypeDefP20__UART_HandleTypeDefPhS3_
                0x0800a888        0xc ./Core/Src/main.o
 .ARM.extab.text._Z14RX_BitRateTestP19__SPI_HandleTypeDefP20__UART_HandleTypeDef
                0x0800a894        0xc ./Core/Src/main.o
 .ARM.extab.text.main
                0x0800a8a0        0xc ./Core/Src/main.o
 .ARM.extab.text._Z18SystemClock_Configv
                0x0800a8ac        0xc ./Core/Src/main.o
 .ARM.extab.text._ZL12MX_ADC1_Initv
                0x0800a8b8        0xc ./Core/Src/main.o
 .ARM.extab.text._ZL12MX_TIM1_Initv
                0x0800a8c4        0xc ./Core/Src/main.o
 .ARM.extab.text._ZL12MX_TIM2_Initv
                0x0800a8d0        0xc ./Core/Src/main.o
 .ARM.extab.text._ZL12MX_GPIO_Initv
                0x0800a8dc        0xc ./Core/Src/main.o
 .ARM.extab.text.HAL_MspInit
                0x0800a8e8        0xc ./Core/Src/stm32f4xx_hal_msp.o
 .ARM.extab.text.HAL_ADC_MspInit
                0x0800a8f4        0xc ./Core/Src/stm32f4xx_hal_msp.o
 .ARM.extab.text.HAL_SPI_MspInit
                0x0800a900        0xc ./Core/Src/stm32f4xx_hal_msp.o
 .ARM.extab.text.HAL_TIM_MspPostInit
                0x0800a90c        0xc ./Core/Src/stm32f4xx_hal_msp.o
 .ARM.extab.text.HAL_UART_MspInit
                0x0800a918        0xc ./Core/Src/stm32f4xx_hal_msp.o
 .ARM.extab.text.HAL_InitTick
                0x0800a924        0xc ./Drivers/STM32F4xx_HAL_Driver/Src/stm32f4xx_hal.o
 .ARM.extab.text.HAL_Delay
                0x0800a930        0xc ./Drivers/STM32F4xx_HAL_Driver/Src/stm32f4xx_hal.o
 .ARM.extab.text.HAL_ADC_Init
                0x0800a93c        0xc ./Drivers/STM32F4xx_HAL_Driver/Src/stm32f4xx_hal_adc.o
 .ARM.extab.text.HAL_GPIO_EXTI_IRQHandler
                0x0800a948        0xc ./Drivers/STM32F4xx_HAL_Driver/Src/stm32f4xx_hal_gpio.o
 .ARM.extab.text.HAL_RCC_ClockConfig
                0x0800a954        0xc ./Drivers/STM32F4xx_HAL_Driver/Src/stm32f4xx_hal_rcc.o
 .ARM.extab.text.HAL_RCC_OscConfig
                0x0800a960        0xc ./Drivers/STM32F4xx_HAL_Driver/Src/stm32f4xx_hal_rcc_ex.o
 .ARM.extab.text.HAL_SPI_Init
                0x0800a96c        0xc ./Drivers/STM32F4xx_HAL_Driver/Src/stm32f4xx_hal_spi.o
 .ARM.extab.text.HAL_SPI_Transmit
                0x0800a978        0xc ./Drivers/STM32F4xx_HAL_Driver/Src/stm32f4xx_hal_spi.o
 .ARM.extab.text.HAL_SPI_Receive
                0x0800a984        0xc ./Drivers/STM32F4xx_HAL_Driver/Src/stm32f4xx_hal_spi.o
 .ARM.extab.text.HAL_SPI_TransmitReceive
                0x0800a990        0xc ./Drivers/STM32F4xx_HAL_Driver/Src/stm32f4xx_hal_spi.o
 .ARM.extab.text._ZL29SPI_WaitFlagStateUntilTimeoutP19__SPI_HandleTypeDefm10FlagStatusmm
                0x0800a99c        0xc ./Drivers/STM32F4xx_HAL_Driver/Src/stm32f4xx_hal_spi.o
 .ARM.extab.text._ZL20SPI_EndRxTransactionP19__SPI_HandleTypeDefmm
                0x0800a9a8        0xc ./Drivers/STM32F4xx_HAL_Driver/Src/stm32f4xx_hal_spi.o
 .ARM.extab.text._ZL22SPI_EndRxTxTransactionP19__SPI_HandleTypeDefmm
                0x0800a9b4        0xc ./Drivers/STM32F4xx_HAL_Driver/Src/stm32f4xx_hal_spi.o
 .ARM.extab.text.HAL_TIM_Base_Init
                0x0800a9c0        0xc ./Drivers/STM32F4xx_HAL_Driver/Src/stm32f4xx_hal_tim.o
 .ARM.extab.text.HAL_TIM_PWM_Init
                0x0800a9cc        0xc ./Drivers/STM32F4xx_HAL_Driver/Src/stm32f4xx_hal_tim.o
 .ARM.extab.text.HAL_UART_Init
                0x0800a9d8        0xc ./Drivers/STM32F4xx_HAL_Driver/Src/stm32f4xx_hal_uart.o
 .ARM.extab.text.HAL_UART_Transmit
                0x0800a9e4        0xc ./Drivers/STM32F4xx_HAL_Driver/Src/stm32f4xx_hal_uart.o
 .ARM.extab.text._ZL27UART_WaitOnFlagUntilTimeoutP20__UART_HandleTypeDefm10FlagStatusmm
                0x0800a9f0        0xc ./Drivers/STM32F4xx_HAL_Driver/Src/stm32f4xx_hal_uart.o
 .ARM.extab.text._ZL14UART_SetConfigP20__UART_HandleTypeDef
                0x0800a9fc        0xc ./Drivers/STM32F4xx_HAL_Driver/Src/stm32f4xx_hal_uart.o
 .ARM.extab     0x0800aa08       0x18 /opt/st/stm32cubeide_1.17.0/plugins/com.st.stm32cube.ide.mcu.externaltools.gnu-tools-for-stm32.12.3.rel1.linux64_1.1.0.202410170702/tools/bin/../lib/gcc/arm-none-eabi/12.3.1/thumb/v7e-m+fp/hard/libgcc.a(pr-support.o)
                0x0800aa20                        . = ALIGN (0x4)

.ARM            0x0800aa20      0x2d8
                0x0800aa20                        . = ALIGN (0x4)
                0x0800aa20                        __exidx_start = .
 *(.ARM.exidx*)
 .ARM.exidx     0x0800aa20        0x8 /opt/st/stm32cubeide_1.17.0/plugins/com.st.stm32cube.ide.mcu.externaltools.gnu-tools-for-stm32.12.3.rel1.linux64_1.1.0.202410170702/tools/bin/../lib/gcc/arm-none-eabi/12.3.1/../../../../arm-none-eabi/lib/thumb/v7e-m+fp/hard/libc_nano.a(libc_a-memchr.o)
 .ARM.exidx     0x0800aa28        0x0 /opt/st/stm32cubeide_1.17.0/plugins/com.st.stm32cube.ide.mcu.externaltools.gnu-tools-for-stm32.12.3.rel1.linux64_1.1.0.202410170702/tools/bin/../lib/gcc/arm-none-eabi/12.3.1/../../../../arm-none-eabi/lib/thumb/v7e-m+fp/hard/libc_nano.a(libc_a-strlen.o)
                                  0x8 (size before relaxing)
 .ARM.exidx     0x0800aa28        0x0 /opt/st/stm32cubeide_1.17.0/plugins/com.st.stm32cube.ide.mcu.externaltools.gnu-tools-for-stm32.12.3.rel1.linux64_1.1.0.202410170702/tools/bin/../lib/gcc/arm-none-eabi/12.3.1/thumb/v7e-m+fp/hard/libgcc.a(_udivmoddi4.o)
                                  0x8 (size before relaxing)
 .ARM.exidx     0x0800aa28       0x78 /opt/st/stm32cubeide_1.17.0/plugins/com.st.stm32cube.ide.mcu.externaltools.gnu-tools-for-stm32.12.3.rel1.linux64_1.1.0.202410170702/tools/bin/../lib/gcc/arm-none-eabi/12.3.1/thumb/v7e-m+fp/hard/libgcc.a(unwind-arm.o)
                                 0xd8 (size before relaxing)
 .ARM.exidx     0x0800aaa0       0x38 /opt/st/stm32cubeide_1.17.0/plugins/com.st.stm32cube.ide.mcu.externaltools.gnu-tools-for-stm32.12.3.rel1.linux64_1.1.0.202410170702/tools/bin/../lib/gcc/arm-none-eabi/12.3.1/thumb/v7e-m+fp/hard/libgcc.a(pr-support.o)
 .ARM.exidx.text._Z12Degree5_InitP7Degree5P17ADC_HandleTypeDefP17TIM_HandleTypeDefP20__UART_HandleTypeDef
                0x0800aad8        0x0 ./Core/Src/Degree5.o
                                  0x8 (size before relaxing)
 .ARM.exidx.text._Z21Degree5_SetServoAngleP7Degree5h
                0x0800aad8        0x8 ./Core/Src/Degree5.o
 .ARM.exidx.text._Z9ResetChipP12GPIO_TypeDeft
                0x0800aae0        0x8 ./Core/Src/main.o
 .ARM.exidx.text._Z10SelectChipP12GPIO_TypeDeft13GPIO_PinState
                0x0800aae8        0x8 ./Core/Src/main.o
 .ARM.exidx.text._Z28SPI_TransmitReceiveWithDebugP19__SPI_HandleTypeDefPhS1_tPKc
                0x0800aaf0        0x8 ./Core/Src/main.o
 .ARM.exidx.text._Z17ProcessStatusBytePh
                0x0800aaf8        0x8 ./Core/Src/main.o
 .ARM.exidx.text._Z18SPI_WaitUntilReadyP19__SPI_HandleTypeDef
                0x0800ab00        0x8 ./Core/Src/main.o
 .ARM.exidx.text._Z16SPI_WaitTransmitP19__SPI_HandleTypeDef
                0x0800ab08        0x8 ./Core/Src/main.o
 .ARM.exidx.text._Z9GetStatusv
                0x0800ab10        0x8 ./Core/Src/main.o
 .ARM.exidx.text._Z10SetStandbyv
                0x0800ab18        0x8 ./Core/Src/main.o
 .ARM.exidx.text._Z11setLoRaModev
                0x0800ab20        0x8 ./Core/Src/main.o
 .ARM.exidx.text._Z13getPacketTypeP19__SPI_HandleTypeDef
                0x0800ab28        0x8 ./Core/Src/main.o
 .ARM.exidx.text._Z12setFrequencyv
                0x0800ab30        0x8 ./Core/Src/main.o
 .ARM.exidx.text._Z20setBufferBaseAddressv
                0x0800ab38        0x8 ./Core/Src/main.o
 .ARM.exidx.text._Z19setModulationParamsv
                0x0800ab40        0x8 ./Core/Src/main.o
 .ARM.exidx.text._Z15setPacketParamsv
                0x0800ab48        0x8 ./Core/Src/main.o
 .ARM.exidx.text._Z15setDioIrqParamsv
                0x0800ab50        0x8 ./Core/Src/main.o
 .ARM.exidx.text._Z11setRxPeriodv
                0x0800ab58        0x8 ./Core/Src/main.o
 .ARM.exidx.text._Z7DerTaktv
                0x0800ab60        0x8 ./Core/Src/main.o
 .ARM.exidx.text._Z15GetPacketStatusP19__SPI_HandleTypeDefP20__UART_HandleTypeDef
                0x0800ab68        0x8 ./Core/Src/main.o
 .ARM.exidx.text._Z17GetRxBufferStatusP19__SPI_HandleTypeDefP20__UART_HandleTypeDefPhS3_
                0x0800ab70        0x8 ./Core/Src/main.o
 .ARM.exidx.text._Z16ReadReceivedDataP19__SPI_HandleTypeDefP20__UART_HandleTypeDefhh
                0x0800ab78        0x8 ./Core/Src/main.o
 .ARM.exidx.text._Z14RX_BitRateTestP19__SPI_HandleTypeDefP20__UART_HandleTypeDef
                0x0800ab80        0x8 ./Core/Src/main.o
 .ARM.exidx.text.main
                0x0800ab88        0x8 ./Core/Src/main.o
 .ARM.exidx.text._Z18SystemClock_Configv
                0x0800ab90        0x8 ./Core/Src/main.o
 .ARM.exidx.text._ZL12MX_ADC1_Initv
                0x0800ab98        0x8 ./Core/Src/main.o
 .ARM.exidx.text._ZL12MX_SPI1_Initv
                0x0800aba0        0x8 ./Core/Src/main.o
 .ARM.exidx.text._ZL12MX_TIM1_Initv
                0x0800aba8        0x8 ./Core/Src/main.o
 .ARM.exidx.text._ZL12MX_TIM2_Initv
                0x0800abb0        0x8 ./Core/Src/main.o
 .ARM.exidx.text._ZL19MX_USART2_UART_Initv
                0x0800abb8        0x8 ./Core/Src/main.o
 .ARM.exidx.text._ZL12MX_GPIO_Initv
                0x0800abc0        0x8 ./Core/Src/main.o
 .ARM.exidx.text.Error_Handler
                0x0800abc8        0x8 ./Core/Src/main.o
 .ARM.exidx.text.HAL_MspInit
                0x0800abd0        0x8 ./Core/Src/stm32f4xx_hal_msp.o
 .ARM.exidx.text.HAL_ADC_MspInit
                0x0800abd8        0x8 ./Core/Src/stm32f4xx_hal_msp.o
 .ARM.exidx.text.HAL_SPI_MspInit
                0x0800abe0        0x8 ./Core/Src/stm32f4xx_hal_msp.o
 .ARM.exidx.text.HAL_TIM_Base_MspInit
                0x0800abe8        0x8 ./Core/Src/stm32f4xx_hal_msp.o
 .ARM.exidx.text.HAL_TIM_MspPostInit
                0x0800abf0        0x8 ./Core/Src/stm32f4xx_hal_msp.o
 .ARM.exidx.text.HAL_UART_MspInit
                0x0800abf8        0x8 ./Core/Src/stm32f4xx_hal_msp.o
 .ARM.exidx.text.NMI_Handler
                0x0800ac00        0x8 ./Core/Src/stm32f4xx_it.o
 .ARM.exidx.text.HardFault_Handler
                0x0800ac08        0x0 ./Core/Src/stm32f4xx_it.o
                                  0x8 (size before relaxing)
 .ARM.exidx.text.MemManage_Handler
                0x0800ac08        0x0 ./Core/Src/stm32f4xx_it.o
                                  0x8 (size before relaxing)
 .ARM.exidx.text.BusFault_Handler
                0x0800ac08        0x0 ./Core/Src/stm32f4xx_it.o
                                  0x8 (size before relaxing)
 .ARM.exidx.text.UsageFault_Handler
                0x0800ac08        0x0 ./Core/Src/stm32f4xx_it.o
                                  0x8 (size before relaxing)
 .ARM.exidx.text.SVC_Handler
                0x0800ac08        0x0 ./Core/Src/stm32f4xx_it.o
                                  0x8 (size before relaxing)
 .ARM.exidx.text.DebugMon_Handler
                0x0800ac08        0x0 ./Core/Src/stm32f4xx_it.o
                                  0x8 (size before relaxing)
 .ARM.exidx.text.PendSV_Handler
                0x0800ac08        0x0 ./Core/Src/stm32f4xx_it.o
                                  0x8 (size before relaxing)
 .ARM.exidx.text.SysTick_Handler
                0x0800ac08        0x8 ./Core/Src/stm32f4xx_it.o
 .ARM.exidx.text.EXTI9_5_IRQHandler
                0x0800ac10        0x0 ./Core/Src/stm32f4xx_it.o
                                  0x8 (size before relaxing)
 .ARM.exidx.text.EXTI15_10_IRQHandler
                0x0800ac10        0x0 ./Core/Src/stm32f4xx_it.o
                                  0x8 (size before relaxing)
 .ARM.exidx.text.SystemInit
                0x0800ac10        0x8 ./Core/Src/system_stm32f4xx.o
 .ARM.exidx.text.HAL_Init
                0x0800ac18        0x8 ./Drivers/STM32F4xx_HAL_Driver/Src/stm32f4xx_hal.o
 .ARM.exidx.text.HAL_InitTick
                0x0800ac20        0x8 ./Drivers/STM32F4xx_HAL_Driver/Src/stm32f4xx_hal.o
 .ARM.exidx.text.HAL_IncTick
                0x0800ac28        0x8 ./Drivers/STM32F4xx_HAL_Driver/Src/stm32f4xx_hal.o
 .ARM.exidx.text.HAL_GetTick
                0x0800ac30        0x0 ./Drivers/STM32F4xx_HAL_Driver/Src/stm32f4xx_hal.o
                                  0x8 (size before relaxing)
 .ARM.exidx.text.HAL_Delay
                0x0800ac30        0x8 ./Drivers/STM32F4xx_HAL_Driver/Src/stm32f4xx_hal.o
 .ARM.exidx.text.HAL_ADC_Init
                0x0800ac38        0x8 ./Drivers/STM32F4xx_HAL_Driver/Src/stm32f4xx_hal_adc.o
 .ARM.exidx.text.HAL_ADC_ConfigChannel
                0x0800ac40        0x8 ./Drivers/STM32F4xx_HAL_Driver/Src/stm32f4xx_hal_adc.o
 .ARM.exidx.text._ZL8ADC_InitP17ADC_HandleTypeDef
                0x0800ac48        0x0 ./Drivers/STM32F4xx_HAL_Driver/Src/stm32f4xx_hal_adc.o
                                  0x8 (size before relaxing)
 .ARM.exidx.text.__NVIC_SetPriorityGrouping
                0x0800ac48        0x0 ./Drivers/STM32F4xx_HAL_Driver/Src/stm32f4xx_hal_cortex.o
                                  0x8 (size before relaxing)
 .ARM.exidx.text.__NVIC_GetPriorityGrouping
                0x0800ac48        0x0 ./Drivers/STM32F4xx_HAL_Driver/Src/stm32f4xx_hal_cortex.o
                                  0x8 (size before relaxing)
 .ARM.exidx.text.__NVIC_EnableIRQ
                0x0800ac48        0x0 ./Drivers/STM32F4xx_HAL_Driver/Src/stm32f4xx_hal_cortex.o
                                  0x8 (size before relaxing)
 .ARM.exidx.text.__NVIC_SetPriority
                0x0800ac48        0x0 ./Drivers/STM32F4xx_HAL_Driver/Src/stm32f4xx_hal_cortex.o
                                  0x8 (size before relaxing)
 .ARM.exidx.text.NVIC_EncodePriority
                0x0800ac48        0x0 ./Drivers/STM32F4xx_HAL_Driver/Src/stm32f4xx_hal_cortex.o
                                  0x8 (size before relaxing)
 .ARM.exidx.text.SysTick_Config
                0x0800ac48        0x0 ./Drivers/STM32F4xx_HAL_Driver/Src/stm32f4xx_hal_cortex.o
                                  0x8 (size before relaxing)
 .ARM.exidx.text.HAL_NVIC_SetPriorityGrouping
                0x0800ac48        0x0 ./Drivers/STM32F4xx_HAL_Driver/Src/stm32f4xx_hal_cortex.o
                                  0x8 (size before relaxing)
 .ARM.exidx.text.HAL_NVIC_SetPriority
                0x0800ac48        0x0 ./Drivers/STM32F4xx_HAL_Driver/Src/stm32f4xx_hal_cortex.o
                                  0x8 (size before relaxing)
 .ARM.exidx.text.HAL_NVIC_EnableIRQ
                0x0800ac48        0x0 ./Drivers/STM32F4xx_HAL_Driver/Src/stm32f4xx_hal_cortex.o
                                  0x8 (size before relaxing)
 .ARM.exidx.text.HAL_SYSTICK_Config
                0x0800ac48        0x0 ./Drivers/STM32F4xx_HAL_Driver/Src/stm32f4xx_hal_cortex.o
                                  0x8 (size before relaxing)
 .ARM.exidx.text.HAL_GPIO_Init
                0x0800ac48        0x0 ./Drivers/STM32F4xx_HAL_Driver/Src/stm32f4xx_hal_gpio.o
                                  0x8 (size before relaxing)
 .ARM.exidx.text.HAL_GPIO_ReadPin
                0x0800ac48        0x0 ./Drivers/STM32F4xx_HAL_Driver/Src/stm32f4xx_hal_gpio.o
                                  0x8 (size before relaxing)
 .ARM.exidx.text.HAL_GPIO_WritePin
                0x0800ac48        0x0 ./Drivers/STM32F4xx_HAL_Driver/Src/stm32f4xx_hal_gpio.o
                                  0x8 (size before relaxing)
 .ARM.exidx.text.HAL_GPIO_EXTI_IRQHandler
                0x0800ac48        0x8 ./Drivers/STM32F4xx_HAL_Driver/Src/stm32f4xx_hal_gpio.o
 .ARM.exidx.text.HAL_GPIO_EXTI_Callback