../Core/Src/main.c:82:6:void Erase_Flash()	32	static
../Core/Src/main.c:103:6:void ResetChip(GPIO_TypeDef*, uint16_t)	16	static
../Core/Src/main.c:112:6:void SelectChip(GPIO_TypeDef*, uint16_t, GPIO_PinState)	16	static
../Core/Src/main.c:116:6:void SPI_TransmitReceiveWithDebug(SPI_HandleTypeDef*, uint8_t*, uint8_t*, uint16_t, const char*)	32	static
../Core/Src/main.c:135:9:uint8_t ProcessStatusByte(uint8_t*)	80	static
../Core/Src/main.c:201:6:void SPI_WaitUntilReady(SPI_HandleTypeDef*)	16	static
../Core/Src/main.c:220:6:void SPI_WaitTransmit(SPI_HandleTypeDef*)	16	static
../Core/Src/main.c:239:6:void GetStatus()	24	static
../Core/Src/main.c:252:6:void SetStandby()	16	static
../Core/Src/main.c:266:6:void setLoRaMode()	16	static
../Core/Src/main.c:275:6:void getPacketType(SPI_HandleTypeDef*)	32	static
../Core/Src/main.c:321:6:void setFrequency()	24	static
../Core/Src/main.c:330:6:void setBufferBaseAddress()	24	static
../Core/Src/main.c:338:6:void setModulationParams()	24	static
../Core/Src/main.c:346:6:void setPacketParams()	32	static
../Core/Src/main.c:354:6:void setTxParams()	24	static
../Core/Src/main.c:360:6:void setTx()	24	static
../Core/Src/main.c:366:6:void ClrIrqStatus()	24	static
../Core/Src/main.c:396:6:bool checkIrqStatus(uint16_t)	88	static
../Core/Src/main.c:415:6:void DerTakt()	8	static
../Core/Src/main.c:426:6:void WriteBuffer(uint8_t, uint8_t*, uint8_t)	80	dynamic
../Core/Src/main.c:447:6:void ReadBuffer(SPI_HandleTypeDef*, UART_HandleTypeDef*, uint8_t)	144	static
../Core/Src/main.c:459:6:void SendPayload(uint8_t, uint8_t*, uint8_t)	16	static
../Core/Src/main.c:467:6:void setDioIrqParamsForTxDone()	40	static
../Core/Src/main.c:481:9:uint8_t PutPacket(uint8_t*)	24	static
../Core/Src/main.c:499:5:int main()	80	static
../Core/Src/main.c:641:6:void SystemClock_Config()	88	static
../Core/Src/main.c:689:13:void MX_SPI1_Init()	8	static
../Core/Src/main.c:727:13:void MX_USART2_UART_Init()	8	static
../Core/Src/main.c:760:13:void MX_GPIO_Init()	48	static
../Core/Src/main.c:822:6:void Error_Handler()	4	static,ignoring_inline_asm
