18:24:39 **** Incremental Build of configuration Debug for project Nucleo_429_LoRa ****
make -j8 all 
arm-none-eabi-gcc "../Core/Src/main.c" -mcpu=cortex-m4 -std=gnu11 -g3 -DDEBUG -DUSE_HAL_DRIVER -DSTM32F429xx -c -I../Core/Inc -I"/home/sasha/STM_Projects/RWTH/Workspace_NEW_Servo/Nucleo_429_Radio/SX1278" -I../Drivers/STM32F4xx_HAL_Driver/Inc -I../Drivers/STM32F4xx_HAL_Driver/Inc/Legacy -I../Drivers/CMSIS/Device/ST/STM32F4xx/Include -I../Drivers/CMSIS/Include -O0 -ffunction-sections -fdata-sections -Wall -fstack-usage -fcyclomatic-complexity -MMD -MP -MF"Core/Src/main.d" -MT"Core/Src/main.o" --specs=nano.specs -mfpu=fpv4-sp-d16 -mfloat-abi=hard -mthumb -o "Core/Src/main.o"
arm-none-eabi-gcc "../Core/Src/stm32f4xx_hal_msp.c" -mcpu=cortex-m4 -std=gnu11 -g3 -DDEBUG -DUSE_HAL_DRIVER -DSTM32F429xx -c -I../Core/Inc -I"/home/sasha/STM_Projects/RWTH/Workspace_NEW_Servo/Nucleo_429_Radio/SX1278" -I../Drivers/STM32F4xx_HAL_Driver/Inc -I../Drivers/STM32F4xx_HAL_Driver/Inc/Legacy -I../Drivers/CMSIS/Device/ST/STM32F4xx/Include -I../Drivers/CMSIS/Include -O0 -ffunction-sections -fdata-sections -Wall -fstack-usage -fcyclomatic-complexity -MMD -MP -MF"Core/Src/stm32f4xx_hal_msp.d" -MT"Core/Src/stm32f4xx_hal_msp.o" --specs=nano.specs -mfpu=fpv4-sp-d16 -mfloat-abi=hard -mthumb -o "Core/Src/stm32f4xx_hal_msp.o"
arm-none-eabi-gcc "../Core/Src/stm32f4xx_it.c" -mcpu=cortex-m4 -std=gnu11 -g3 -DDEBUG -DUSE_HAL_DRIVER -DSTM32F429xx -c -I../Core/Inc -I"/home/sasha/STM_Projects/RWTH/Workspace_NEW_Servo/Nucleo_429_Radio/SX1278" -I../Drivers/STM32F4xx_HAL_Driver/Inc -I../Drivers/STM32F4xx_HAL_Driver/Inc/Legacy -I../Drivers/CMSIS/Device/ST/STM32F4xx/Include -I../Drivers/CMSIS/Include -O0 -ffunction-sections -fdata-sections -Wall -fstack-usage -fcyclomatic-complexity -MMD -MP -MF"Core/Src/stm32f4xx_it.d" -MT"Core/Src/stm32f4xx_it.o" --specs=nano.specs -mfpu=fpv4-sp-d16 -mfloat-abi=hard -mthumb -o "Core/Src/stm32f4xx_it.o"
arm-none-eabi-gcc -o "Nucleo_429_LoRa.elf" @"objects.list"   -mcpu=cortex-m4 -T"/home/sasha/STM_Projects/RWTH/Workspace_NEW_Servo/Nucleo_429_Radio/STM32F429ZITX_FLASH.ld" --specs=nosys.specs -Wl,-Map="Nucleo_429_LoRa.map" -Wl,--gc-sections -static --specs=nano.specs -mfpu=fpv4-sp-d16 -mfloat-abi=hard -mthumb -Wl,--start-group -lc -lm -Wl,--end-group
Finished building target: Nucleo_429_LoRa.elf
 
arm-none-eabi-size  Nucleo_429_LoRa.elf 
arm-none-eabi-objdump -h -S Nucleo_429_LoRa.elf  > "Nucleo_429_LoRa.list"
   text	   data	    bss	    dec	    hex	filename
  11168	     12	   2980	  14160	   3750	Nucleo_429_LoRa.elf
Finished building: default.size.stdout
 
Finished building: Nucleo_429_LoRa.list
 

18:24:39 Build Finished. 0 errors, 0 warnings. (took 540ms)

